###############################################################################
#
# IAR ELF Linker V7.80.2.11947/W32 for ARM                25/May/2017  06:29:18
# Copyright 2007-2016 IAR Systems AB.
#
#    Output file  =  
#        C:\Users\Administrator\Desktop\5.23zx\LCD_摄像头 - 四代目-新十字 -2.0
#        - 副本\Prj\IAR\DZ10_Debug\Exe\vcan_Kinetis.out
#    Map file     =  
#        C:\Users\Administrator\Desktop\5.23zx\LCD_摄像头 - 四代目-新十字 -2.0
#        - 副本\Prj\IAR\DZ10_Debug\List\vcan_Kinetis.map
#    Command line =  
#        "C:\Users\Administrator\Desktop\5.23zx\LCD_摄像头 - 四代目-新十字 -2.0
#        - 副本\Prj\IAR\DZ10_Debug\Obj\diskio.o"
#        "C:\Users\Administrator\Desktop\5.23zx\LCD_摄像头 - 四代目-新十字 -2.0
#        - 副本\Prj\IAR\DZ10_Debug\Obj\ff.o"
#        "C:\Users\Administrator\Desktop\5.23zx\LCD_摄像头 - 四代目-新十字 -2.0
#        - 副本\Prj\IAR\DZ10_Debug\Obj\LQ12864.o"
#        "C:\Users\Administrator\Desktop\5.23zx\LCD_摄像头 - 四代目-新十字 -2.0
#        - 副本\Prj\IAR\DZ10_Debug\Obj\main.o"
#        "C:\Users\Administrator\Desktop\5.23zx\LCD_摄像头 - 四代目-新十字 -2.0
#        - 副本\Prj\IAR\DZ10_Debug\Obj\misc.o"
#        "C:\Users\Administrator\Desktop\5.23zx\LCD_摄像头 - 四代目-新十字 -2.0
#        - 副本\Prj\IAR\DZ10_Debug\Obj\MK60_adc.o"
#        "C:\Users\Administrator\Desktop\5.23zx\LCD_摄像头 - 四代目-新十字 -2.0
#        - 副本\Prj\IAR\DZ10_Debug\Obj\MK60_can.o"
#        "C:\Users\Administrator\Desktop\5.23zx\LCD_摄像头 - 四代目-新十字 -2.0
#        - 副本\Prj\IAR\DZ10_Debug\Obj\MK60_conf.o"
#        "C:\Users\Administrator\Desktop\5.23zx\LCD_摄像头 - 四代目-新十字 -2.0
#        - 副本\Prj\IAR\DZ10_Debug\Obj\MK60_dac.o"
#        "C:\Users\Administrator\Desktop\5.23zx\LCD_摄像头 - 四代目-新十字 -2.0
#        - 副本\Prj\IAR\DZ10_Debug\Obj\MK60_dma.o"
#        "C:\Users\Administrator\Desktop\5.23zx\LCD_摄像头 - 四代目-新十字 -2.0
#        - 副本\Prj\IAR\DZ10_Debug\Obj\MK60_DWT.o"
#        "C:\Users\Administrator\Desktop\5.23zx\LCD_摄像头 - 四代目-新十字 -2.0
#        - 副本\Prj\IAR\DZ10_Debug\Obj\MK60_flash.o"
#        "C:\Users\Administrator\Desktop\5.23zx\LCD_摄像头 - 四代目-新十字 -2.0
#        - 副本\Prj\IAR\DZ10_Debug\Obj\MK60_flexbus.o"
#        "C:\Users\Administrator\Desktop\5.23zx\LCD_摄像头 - 四代目-新十字 -2.0
#        - 副本\Prj\IAR\DZ10_Debug\Obj\MK60_ftm.o"
#        "C:\Users\Administrator\Desktop\5.23zx\LCD_摄像头 - 四代目-新十字 -2.0
#        - 副本\Prj\IAR\DZ10_Debug\Obj\MK60_gpio.o"
#        "C:\Users\Administrator\Desktop\5.23zx\LCD_摄像头 - 四代目-新十字 -2.0
#        - 副本\Prj\IAR\DZ10_Debug\Obj\MK60_i2c.o"
#        "C:\Users\Administrator\Desktop\5.23zx\LCD_摄像头 - 四代目-新十字 -2.0
#        - 副本\Prj\IAR\DZ10_Debug\Obj\MK60_it.o"
#        "C:\Users\Administrator\Desktop\5.23zx\LCD_摄像头 - 四代目-新十字 -2.0
#        - 副本\Prj\IAR\DZ10_Debug\Obj\MK60_lptmr.o"
#        "C:\Users\Administrator\Desktop\5.23zx\LCD_摄像头 - 四代目-新十字 -2.0
#        - 副本\Prj\IAR\DZ10_Debug\Obj\MK60_mcg.o"
#        "C:\Users\Administrator\Desktop\5.23zx\LCD_摄像头 - 四代目-新十字 -2.0
#        - 副本\Prj\IAR\DZ10_Debug\Obj\MK60_PIT.o"
#        "C:\Users\Administrator\Desktop\5.23zx\LCD_摄像头 - 四代目-新十字 -2.0
#        - 副本\Prj\IAR\DZ10_Debug\Obj\MK60_port.o"
#        "C:\Users\Administrator\Desktop\5.23zx\LCD_摄像头 - 四代目-新十字 -2.0
#        - 副本\Prj\IAR\DZ10_Debug\Obj\MK60_rtc.o"
#        "C:\Users\Administrator\Desktop\5.23zx\LCD_摄像头 - 四代目-新十字 -2.0
#        - 副本\Prj\IAR\DZ10_Debug\Obj\MK60_sdhc.o"
#        "C:\Users\Administrator\Desktop\5.23zx\LCD_摄像头 - 四代目-新十字 -2.0
#        - 副本\Prj\IAR\DZ10_Debug\Obj\MK60_spi.o"
#        "C:\Users\Administrator\Desktop\5.23zx\LCD_摄像头 - 四代目-新十字 -2.0
#        - 副本\Prj\IAR\DZ10_Debug\Obj\MK60_SysTick.o"
#        "C:\Users\Administrator\Desktop\5.23zx\LCD_摄像头 - 四代目-新十字 -2.0
#        - 副本\Prj\IAR\DZ10_Debug\Obj\MK60_uart.o"
#        "C:\Users\Administrator\Desktop\5.23zx\LCD_摄像头 - 四代目-新十字 -2.0
#        - 副本\Prj\IAR\DZ10_Debug\Obj\MK60_usb.o"
#        "C:\Users\Administrator\Desktop\5.23zx\LCD_摄像头 - 四代目-新十字 -2.0
#        - 副本\Prj\IAR\DZ10_Debug\Obj\MK60_wdog.o"
#        "C:\Users\Administrator\Desktop\5.23zx\LCD_摄像头 - 四代目-新十字 -2.0
#        - 副本\Prj\IAR\DZ10_Debug\Obj\motor.o"
#        "C:\Users\Administrator\Desktop\5.23zx\LCD_摄像头 - 四代目-新十字 -2.0
#        - 副本\Prj\IAR\DZ10_Debug\Obj\MT9V032.o"
#        "C:\Users\Administrator\Desktop\5.23zx\LCD_摄像头 - 四代目-新十字 -2.0
#        - 副本\Prj\IAR\DZ10_Debug\Obj\NeverMore_Image.o"
#        "C:\Users\Administrator\Desktop\5.23zx\LCD_摄像头 - 四代目-新十字 -2.0
#        - 副本\Prj\IAR\DZ10_Debug\Obj\OLED.o"
#        "C:\Users\Administrator\Desktop\5.23zx\LCD_摄像头 - 四代目-新十字 -2.0
#        - 副本\Prj\IAR\DZ10_Debug\Obj\servo.o"
#        "C:\Users\Administrator\Desktop\5.23zx\LCD_摄像头 - 四代目-新十字 -2.0
#        - 副本\Prj\IAR\DZ10_Debug\Obj\startup_MK60DZ10.o"
#        "C:\Users\Administrator\Desktop\5.23zx\LCD_摄像头 - 四代目-新十字 -2.0
#        - 副本\Prj\IAR\DZ10_Debug\Obj\system_MK60DZ10.o"
#        "C:\Users\Administrator\Desktop\5.23zx\LCD_摄像头 - 四代目-新十字 -2.0
#        - 副本\Prj\IAR\DZ10_Debug\Obj\USB.o"
#        "C:\Users\Administrator\Desktop\5.23zx\LCD_摄像头 - 四代目-新十字 -2.0
#        - 副本\Prj\IAR\DZ10_Debug\Obj\USB_CDC.o"
#        "C:\Users\Administrator\Desktop\5.23zx\LCD_摄像头 - 四代目-新十字 -2.0
#        - 副本\Prj\IAR\DZ10_Debug\Obj\VCAN_ASCII.o"
#        "C:\Users\Administrator\Desktop\5.23zx\LCD_摄像头 - 四代目-新十字 -2.0
#        - 副本\Prj\IAR\DZ10_Debug\Obj\VCAN_BMP.o"
#        "C:\Users\Administrator\Desktop\5.23zx\LCD_摄像头 - 四代目-新十字 -2.0
#        - 副本\Prj\IAR\DZ10_Debug\Obj\VCAN_camera.o"
#        "C:\Users\Administrator\Desktop\5.23zx\LCD_摄像头 - 四代目-新十字 -2.0
#        - 副本\Prj\IAR\DZ10_Debug\Obj\VCAN_computer.o"
#        "C:\Users\Administrator\Desktop\5.23zx\LCD_摄像头 - 四代目-新十字 -2.0
#        - 副本\Prj\IAR\DZ10_Debug\Obj\vcan_img2sd.o"
#        "C:\Users\Administrator\Desktop\5.23zx\LCD_摄像头 - 四代目-新十字 -2.0
#        - 副本\Prj\IAR\DZ10_Debug\Obj\VCAN_key.o"
#        "C:\Users\Administrator\Desktop\5.23zx\LCD_摄像头 - 四代目-新十字 -2.0
#        - 副本\Prj\IAR\DZ10_Debug\Obj\VCAN_key_event.o"
#        "C:\Users\Administrator\Desktop\5.23zx\LCD_摄像头 - 四代目-新十字 -2.0
#        - 副本\Prj\IAR\DZ10_Debug\Obj\VCAN_LCD.o"
#        "C:\Users\Administrator\Desktop\5.23zx\LCD_摄像头 - 四代目-新十字 -2.0
#        - 副本\Prj\IAR\DZ10_Debug\Obj\VCAN_LCD_CH.o"
#        "C:\Users\Administrator\Desktop\5.23zx\LCD_摄像头 - 四代目-新十字 -2.0
#        - 副本\Prj\IAR\DZ10_Debug\Obj\VCAN_LCD_ILI9325.o"
#        "C:\Users\Administrator\Desktop\5.23zx\LCD_摄像头 - 四代目-新十字 -2.0
#        - 副本\Prj\IAR\DZ10_Debug\Obj\VCAN_LCD_ILI9341.o"
#        "C:\Users\Administrator\Desktop\5.23zx\LCD_摄像头 - 四代目-新十字 -2.0
#        - 副本\Prj\IAR\DZ10_Debug\Obj\VCAN_LCD_ST7735R.o"
#        "C:\Users\Administrator\Desktop\5.23zx\LCD_摄像头 - 四代目-新十字 -2.0
#        - 副本\Prj\IAR\DZ10_Debug\Obj\VCAN_LCD_ST7735S.o"
#        "C:\Users\Administrator\Desktop\5.23zx\LCD_摄像头 - 四代目-新十字 -2.0
#        - 副本\Prj\IAR\DZ10_Debug\Obj\VCAN_LED.o"
#        "C:\Users\Administrator\Desktop\5.23zx\LCD_摄像头 - 四代目-新十字 -2.0
#        - 副本\Prj\IAR\DZ10_Debug\Obj\VCAN_MMA7455.o"
#        "C:\Users\Administrator\Desktop\5.23zx\LCD_摄像头 - 四代目-新十字 -2.0
#        - 副本\Prj\IAR\DZ10_Debug\Obj\VCAN_NRF24L0.o"
#        "C:\Users\Administrator\Desktop\5.23zx\LCD_摄像头 - 四代目-新十字 -2.0
#        - 副本\Prj\IAR\DZ10_Debug\Obj\VCAN_NRF24L0_MSG.o"
#        "C:\Users\Administrator\Desktop\5.23zx\LCD_摄像头 - 四代目-新十字 -2.0
#        - 副本\Prj\IAR\DZ10_Debug\Obj\VCAN_OV7725_Eagle.o"
#        "C:\Users\Administrator\Desktop\5.23zx\LCD_摄像头 - 四代目-新十字 -2.0
#        - 副本\Prj\IAR\DZ10_Debug\Obj\VCAN_OV7725_Wolf.o"
#        "C:\Users\Administrator\Desktop\5.23zx\LCD_摄像头 - 四代目-新十字 -2.0
#        - 副本\Prj\IAR\DZ10_Debug\Obj\VCAN_RTC_count.o"
#        "C:\Users\Administrator\Desktop\5.23zx\LCD_摄像头 - 四代目-新十字 -2.0
#        - 副本\Prj\IAR\DZ10_Debug\Obj\VCAN_SCCB.o"
#        "C:\Users\Administrator\Desktop\5.23zx\LCD_摄像头 - 四代目-新十字 -2.0
#        - 副本\Prj\IAR\DZ10_Debug\Obj\vcan_sd_app.o"
#        "C:\Users\Administrator\Desktop\5.23zx\LCD_摄像头 - 四代目-新十字 -2.0
#        - 副本\Prj\IAR\DZ10_Debug\Obj\Vcan_touch.o"
#        "C:\Users\Administrator\Desktop\5.23zx\LCD_摄像头 - 四代目-新十字 -2.0
#        - 副本\Prj\IAR\DZ10_Debug\Obj\VCAN_TSL1401.o"
#        "C:\Users\Administrator\Desktop\5.23zx\LCD_摄像头 - 四代目-新十字 -2.0
#        - 副本\Prj\IAR\DZ10_Debug\Obj\VCAN_UI_VAR.o"
#        "C:\Users\Administrator\Desktop\5.23zx\LCD_摄像头 - 四代目-新十字 -2.0
#        - 副本\Prj\IAR\DZ10_Debug\Obj\vectors.o"
#        "C:\Users\Administrator\Desktop\5.23zx\LCD_摄像头 - 四代目-新十字 -2.0
#        - 副本\Prj\IAR\DZ10_Debug\Obj\xunxian.o" --redirect
#        _Printf=_PrintfLargeNoMb --redirect _Scanf=_ScanfLargeNoMb -o
#        "C:\Users\Administrator\Desktop\5.23zx\LCD_摄像头 - 四代目-新十字 -2.0
#        - 副本\Prj\IAR\DZ10_Debug\Exe\vcan_Kinetis.out" --map
#        "C:\Users\Administrator\Desktop\5.23zx\LCD_摄像头 - 四代目-新十字 -2.0
#        - 副本\Prj\IAR\DZ10_Debug\List\vcan_Kinetis.map" --config
#        "C:\Users\Administrator\Desktop\5.23zx\LCD_摄像头 - 四代目-新十字 -2.0
#        - 副本\Prj\IAR\config files\vcan_ROM_K60N512.icf"
#        "C:\Users\Administrator\Desktop\5.23zx\LCD_摄像头 - 四代目-新十字 -2.0
#        - 副本\Prj\IAR\..\..\Lib\CMSIS\iar_cortexM4l_math.a" --entry
#        __iar_program_start --vfe
#
###############################################################################

*******************************************************************************
*** RUNTIME MODEL ATTRIBUTES
***

CppFlavor       = *
__SystemLibrary = DLib


*******************************************************************************
*** PLACEMENT SUMMARY
***

"A0":  place at 0x00000000 { ro section .intvec };
"A1":  place at 0x00000410 { ro section .noinit };
"P1":  place in [from 0x00000000 to 0x00080000] { ro, block CodeRelocate };
"P2":  place in [from 0x1fff0410 to 0x20010000] {
          rw, block CodeRelocateRam, block CSTACK, block HEAP };
initialize manually with packing = copy, complex ranges { rw };
initialize manually with packing = copy, complex ranges { section .data };
initialize manually with packing = copy, complex ranges { section .textrw };

  Section              Kind        Address     Size  Object
  -------              ----        -------     ----  ------
"A0":                                         0x410
  .intvec              const    0x00000000    0x410  vectors.o [1]
                              - 0x00000410    0x410

"A1":                                           0x8
  .noinit              ro code  0x00000410      0x8  startup_MK60DZ10.o [1]
                              - 0x00000418      0x8

"P1":                                        0x87cc
  .text                ro code  0x00000418   0x2a8c  NeverMore_Image.o [1]
  .text                ro code  0x00002ea4     0x66  ABImemset.o [5]
  .text                ro code  0x00002f0c     0x2e  I32ToFlt.o [4]
  .text                ro code  0x00002f3c     0x84  FltAdd.o [4]
  .text                ro code  0x00002fc0     0xd8  FltMul.o [4]
  .text                ro code  0x00003098     0xfc  FltDiv.o [4]
  .text                ro code  0x00003194     0xe6  FltSub.o [4]
  .text                ro code  0x0000327c     0x24  FltCmpLe.o [4]
  .text                ro code  0x000032a0     0x44  FltToS32.o [4]
  .text                ro code  0x000032e4     0x30  I32ToDbl.o [4]
  .text                ro code  0x00003314    0x1a2  DblMul.o [4]
  .text                ro code  0x000034b8    0x256  DblDiv.o [4]
  .text                ro code  0x00003710     0xe8  DblAdd.o [4]
  .text                ro code  0x000037f8     0x58  DblToI32.o [4]
  .text                ro code  0x00003850     0x90  DblToFlt.o [4]
  .text                ro code  0x000038e0      0x8  abs.o [3]
  .text                ro code  0x000038e8     0x24  FltCmpGe.o [4]
  .text                ro code  0x0000390c      0x6  ABImemclr4.o [5]
  .text                ro code  0x00003914    0x180  DblSub.o [4]
  .text                ro code  0x00003a94     0x32  ABImemset48.o [5]
  .text                ro code  0x00003ac8    0xc1a  xprintflarge_nomb.o [3]
  .text                ro code  0x000046e4     0x16  strchr.o [5]
  .text                ro code  0x000046fc     0x36  strlen.o [5]
  .text                ro code  0x00004734     0x58  memchr.o [5]
  .text                ro code  0x0000478c     0xee  I64DivMod.o [5]
  .text                ro code  0x0000487c     0x76  ABImemcpy_unaligned.o [5]
  .text                ro code  0x000048f2     0x44  xdnorm.o [4]
  .text                ro code  0x00004938     0x2e  DblCmpLe.o [4]
  .text                ro code  0x00004968     0x6c  localeconv.o [3]
  .text                ro code  0x000049d4      0xe  div.o [3]
  .text                ro code  0x000049e4      0x2  I64DivZer.o [5]
  .text                ro code  0x000049e6      0x2  xtls.o [3]
  .data_init                    0x000049e8    0x808  <Block>
    Initializer bytes  const    0x000049e8    0x808  <for .data-1>
  .text                ro code  0x000051f0    0x5c4  main.o [1]
  .text                ro code  0x000057b4    0x240  MT9V032.o [1]
  .text                ro code  0x000059f4     0x50  misc.o [1]
  .text                ro code  0x00005a44    0x52a  OLED.o [1]
  .text                ro code  0x00005f70    0x230  LQ12864.o [1]
  .text                ro code  0x000061a0     0x70  VCAN_LED.o [1]
  .text                ro code  0x00006210    0x50c  MK60_ftm.o [1]
  .text                ro code  0x0000671c     0xcc  MK60_lptmr.o [1]
  .text                ro code  0x000067e8     0xb8  MK60_port.o [1]
  .text                ro code  0x000068a0    0x19c  MK60_gpio.o [1]
  .text                ro code  0x00006a3c    0x160  MK60_PIT.o [1]
  .text                ro code  0x00006b9c     0x28  VCAN_NRF24L0_MSG.o [1]
  .text                ro code  0x00006bc4    0x120  servo.o [1]
  .text                ro code  0x00006ce4     0x4e  FltToDbl.o [4]
  .text                ro code  0x00006d34    0x440  motor.o [1]
  .text                ro code  0x00007174    0x26c  VCAN_NRF24L0.o [1]
  .text                ro code  0x000073e0    0x26c  MK60_uart.o [1]
  .text                ro code  0x0000764c    0x244  MK60_dma.o [1]
  Veneer               ro code  0x00007890      0x8  - Linker created -
  Veneer               ro code  0x00007898      0x8  - Linker created -
  .text                ro code  0x000078a0    0x144  MK60_conf.o [1]
  .text                ro code  0x000079e4     0x1c  FltCmpEq.o [4]
  .text                ro code  0x00007a00    0x328  MK60_spi.o [1]
  .text                ro code  0x00007d28     0x24  printf.o [3]
  .text                ro code  0x00007d4c     0x64  MK60_SysTick.o [1]
  .text                ro code  0x00007db0     0x9c  VCAN_key.o [1]
  Veneer               ro code  0x00007e4c      0x8  - Linker created -
  .text                ro code  0x00007e54    0x3c8  MK60_mcg.o [1]
  CodeRelocate                  0x0000821c    0x1c8  <Block>
    Initializer bytes  const    0x0000821c    0x1c8  <for CodeRelocateRam-1>
  .text                ro code  0x000083e4    0x130  system_MK60DZ10.o [1]
  .text                ro code  0x00008514     0x40  MK60_wdog.o [1]
  .rodata              const    0x00008554     0x84  MK60_SysTick.o [1]
  .rodata              const    0x000085d8     0x80  MK60_dma.o [1]
  .rodata              const    0x00008658     0x80  MK60_flash.o [1]
  .rodata              const    0x000086d8     0x80  MK60_ftm.o [1]
  .rodata              const    0x00008758     0x80  MK60_gpio.o [1]
  .rodata              const    0x000087d8     0x80  MK60_lptmr.o [1]
  .rodata              const    0x00008858     0x80  MK60_PIT.o [1]
  .rodata              const    0x000088d8     0x80  MK60_uart.o [1]
  .rodata              const    0x00008958     0x7c  misc.o [1]
  .text                ro code  0x000089d4     0x40  zero_init3.o [5]
  .rodata              const    0x00008a14     0x3c  MK60_conf.o [1]
  .text                ro code  0x00008a50     0x28  data_init.o [5]
  .rodata              const    0x00008a78     0x24  MK60_conf.o [1]
  .iar.init_table      const    0x00008a9c     0x10  - Linker created -
  .rodata              const    0x00008aac     0x20  MK60_conf.o [1]
  .text                ro code  0x00008acc     0x1a  cmain.o [5]
  .text                ro code  0x00008ae6      0x4  low_level_init.o [3]
  .text                ro code  0x00008aea      0x4  exit.o [3]
  .text                ro code  0x00008af0      0xa  cexit.o [5]
  .text                ro code  0x00008afc      0xc  XXexit.o [5]
  .text                ro code  0x00008b08     0x16  xprout.o [3]
  .text                ro code  0x00008b20      0xc  putchar.o [3]
  .rodata              const    0x00008b2c     0x14  MK60_conf.o [1]
  .rodata              const    0x00008b40     0x10  VCAN_NRF24L0_MSG.o [1]
  .text                ro code  0x00008b50      0xc  cstartup_M.o [5]
  .rodata              const    0x00008b5c      0x0  zero_init3.o [5]
  Initializer bytes    const    0x00008b5c     0x88  <for P2 s0>
                              - 0x00008be4   0x87cc

"P2", part 1 of 3:                            0x9d0
  .data                         0x1fff0410    0x808  <Block>
    .data-1                     0x1fff0410    0x806  <Init block>
      .data            inited   0x1fff0410    0x708  MK60_conf.o [1]
      .data            inited   0x1fff0b18      0xc  MK60_ftm.o [1]
      .data            inited   0x1fff0b24     0x14  MK60_gpio.o [1]
      .data            inited   0x1fff0b38     0x44  MK60_mcg.o [1]
      .data            inited   0x1fff0b7c      0x4  MK60_mcg.o [1]
      .data            inited   0x1fff0b80     0x14  MK60_port.o [1]
      .data            inited   0x1fff0b94      0xc  MK60_spi.o [1]
      .data            inited   0x1fff0ba0     0x18  MK60_uart.o [1]
      .data            inited   0x1fff0bb8      0x8  VCAN_key.o [1]
      .data            inited   0x1fff0bc0      0x4  VCAN_LED.o [1]
      .data            inited   0x1fff0bc4      0x8  VCAN_NRF24L0.o [1]
      .data            inited   0x1fff0bcc      0x8  VCAN_NRF24L0.o [1]
      .data            inited   0x1fff0bd4     0x40  xfiles.o [3]
      .data            inited   0x1fff0c14      0x2  servo.o [1]
  CodeRelocateRam               0x1fff0c18    0x1c8  <Block>
    CodeRelocateRam-1           0x1fff0c18    0x1c8  <Init block>
      Veneer           inited   0x1fff0c18      0x8  - Linker created -
      Veneer           inited   0x1fff0c20      0x8  - Linker created -
      .textrw          inited   0x1fff0c28    0x168  MK60_flash.o [1]
      .textrw          inited   0x1fff0d90     0x50  MK60_mcg.o [1]
                              - 0x1fff0de0    0x9d0

"P2", part 2 of 3:                          0x136a0
  .bss                          0x1fff0de0  0x136a0  <Block>
    .bss               zero     0x1fff0de0   0x2000  main.o [1]
    .bss               zero     0x1fff2de0      0x4  main.o [1]
    .bss               zero     0x1fff2de4      0xc  MK60_ftm.o [1]
    .bss               zero     0x1fff2df0      0x4  motor.o [1]
    .bss               zero     0x1fff2df4      0x4  motor.o [1]
    .bss               zero     0x1fff2df8      0x4  motor.o [1]
    .bss               zero     0x1fff2dfc      0x4  motor.o [1]
    .bss               zero     0x1fff2e00   0x5820  MT9V032.o [1]
    .bss               zero     0x1fff8620   0x5820  MT9V032.o [1]
    .bss               zero     0x1fffde40     0x54  NeverMore_Image.o [1]
    .bss               zero     0x1fffde94     0x54  NeverMore_Image.o [1]
    .bss               zero     0x1fffdee8     0x54  NeverMore_Image.o [1]
    .bss               zero     0x1fffdf3c     0x54  NeverMore_Image.o [1]
    .bss               zero     0x1fffdf90     0x54  NeverMore_Image.o [1]
    .bss               zero     0x1fffdfe4     0x54  NeverMore_Image.o [1]
    .bss               zero     0x1fffe038     0x54  NeverMore_Image.o [1]
    .bss               zero     0x1fffe08c     0x54  NeverMore_Image.o [1]
    .bss               zero     0x1fffe0e0     0x54  NeverMore_Image.o [1]
    .bss               zero     0x1fffe134     0x14  NeverMore_Image.o [1]
    .bss               zero     0x1fffe148     0x14  NeverMore_Image.o [1]
    .bss               zero     0x1fffe15c     0x14  NeverMore_Image.o [1]
    .bss               zero     0x1fffe170     0x14  NeverMore_Image.o [1]
    .bss               zero     0x1fffe184      0x4  servo.o [1]
    .bss               zero     0x1fffe188      0x4  servo.o [1]
    .bss               zero     0x1fffe18c      0x4  servo.o [1]
    .bss               zero     0x1fffe190      0x4  servo.o [1]
    .bss               zero     0x1fffe194      0x4  servo.o [1]
    .bss               zero     0x1fffe198      0x4  system_MK60DZ10.o [1]
    .bss               zero     0x1fffe19c      0x4  system_MK60DZ10.o [1]
    .bss               zero     0x1fffe1a0      0x4  system_MK60DZ10.o [1]
    .bss               zero     0x1fffe1a4    0xa00  VCAN_NRF24L0.o [1]
    .bss               zero     0x1fffeba4      0x4  VCAN_NRF24L0.o [1]
    .bss               zero     0x1fffeba8      0x4  VCAN_NRF24L0.o [1]
    .bss               zero     0x1fffebac     0x10  VCAN_NRF24L0_MSG.o [1]
    .bss               zero     0x1fffebbc   0x5820  xunxian.o [1]
    .bss               zero     0x200043dc     0x50  xfiles.o [3]
    .bss               zero     0x2000442c      0x2  main.o [1]
    .bss               zero     0x2000442e      0x2  main.o [1]
    .bss               zero     0x20004430      0x2  main.o [1]
    .bss               zero     0x20004432      0x2  main.o [1]
    .bss               zero     0x20004434      0x2  main.o [1]
    .bss               zero     0x20004436      0x2  main.o [1]
    .bss               zero     0x20004438      0x2  motor.o [1]
    .bss               zero     0x2000443a      0x2  motor.o [1]
    .bss               zero     0x2000443c      0x2  motor.o [1]
    .bss               zero     0x2000443e      0x2  motor.o [1]
    .bss               zero     0x20004440      0x2  motor.o [1]
    .bss               zero     0x20004442      0x2  motor.o [1]
    .bss               zero     0x20004444      0x2  motor.o [1]
    .bss               zero     0x20004446      0x2  MT9V032.o [1]
    .bss               zero     0x20004448      0x2  NeverMore_Image.o [1]
    .bss               zero     0x2000444a      0x2  NeverMore_Image.o [1]
    .bss               zero     0x2000444c      0x2  NeverMore_Image.o [1]
    .bss               zero     0x2000444e      0x2  NeverMore_Image.o [1]
    .bss               zero     0x20004450      0x2  NeverMore_Image.o [1]
    .bss               zero     0x20004452      0x2  NeverMore_Image.o [1]
    .bss               zero     0x20004454      0x2  NeverMore_Image.o [1]
    .bss               zero     0x20004456      0x2  NeverMore_Image.o [1]
    .bss               zero     0x20004458      0x2  NeverMore_Image.o [1]
    .bss               zero     0x2000445a      0x2  NeverMore_Image.o [1]
    .bss               zero     0x2000445c      0x2  NeverMore_Image.o [1]
    .bss               zero     0x2000445e      0x2  NeverMore_Image.o [1]
    .bss               zero     0x20004460      0x2  NeverMore_Image.o [1]
    .bss               zero     0x20004462      0x2  NeverMore_Image.o [1]
    .bss               zero     0x20004464      0x2  NeverMore_Image.o [1]
    .bss               zero     0x20004466      0x2  NeverMore_Image.o [1]
    .bss               zero     0x20004468      0x2  NeverMore_Image.o [1]
    .bss               zero     0x2000446a      0x2  NeverMore_Image.o [1]
    .bss               zero     0x2000446c      0x2  NeverMore_Image.o [1]
    .bss               zero     0x2000446e      0x2  NeverMore_Image.o [1]
    .bss               zero     0x20004470      0x2  NeverMore_Image.o [1]
    .bss               zero     0x20004472      0x2  NeverMore_Image.o [1]
    .bss               zero     0x20004474      0x2  servo.o [1]
    .bss               zero     0x20004476      0x1  main.o [1]
    .bss               zero     0x20004477      0x1  main.o [1]
    .bss               zero     0x20004478      0x1  MT9V032.o [1]
    .bss               zero     0x20004479      0x1  NeverMore_Image.o [1]
    .bss               zero     0x2000447a      0x1  NeverMore_Image.o [1]
    .bss               zero     0x2000447b      0x1  VCAN_NRF24L0.o [1]
    .bss               zero     0x2000447c      0x1  VCAN_NRF24L0.o [1]
    .bss               zero     0x2000447d      0x1  VCAN_NRF24L0.o [1]
    .bss               zero     0x2000447e      0x1  VCAN_NRF24L0.o [1]
    .bss               zero     0x2000447f      0x1  VCAN_NRF24L0.o [1]
                              - 0x20004480  0x136a0

"P2", part 3 of 3:                             0x88
  P2 s0                         0x20004480     0x88  <Init block>
    __DLIB_PERTHREAD   inited   0x20004480     0x88  localeconv.o [3]
                              - 0x20004508     0x88


*******************************************************************************
*** INIT TABLE
***

          Address     Size
          -------     ----
Zero (__iar_zero_init3)
    1 destination range, total size 0x136a0:
          0x1fff0de0  0x136a0



*******************************************************************************
*** MODULE SUMMARY
***

    Module                 ro code  rw code  ro data  rw data
    ------                 -------  -------  -------  -------
C:\Users\Administrator\Desktop\5.23zx\LCD_摄像头 - 四代目-新十字 -2.0 - 副本\Prj\IAR\DZ10_Debug\Obj: [1]
    LQ12864.o                  560
    MK60_PIT.o                 352               128
    MK60_SysTick.o             100               132
    MK60_conf.o                324             1 948    1 800
    MK60_dma.o                 580               128
    MK60_flash.o                        360      488
    MK60_ftm.o               1 292               140       24
    MK60_gpio.o                412               148       20
    MK60_lptmr.o               204               128
    MK60_mcg.o                 968       80      152       72
    MK60_port.o                184                20       20
    MK60_spi.o                 808                12       12
    MK60_uart.o                620               152       24
    MK60_wdog.o                 64
    MT9V032.o                  576                     45 123
    NeverMore_Image.o       10 892                        882
    OLED.o                   1 322
    VCAN_LED.o                 112                 4        4
    VCAN_NRF24L0.o             620                16    2 589
    VCAN_NRF24L0_MSG.o          40                16       16
    VCAN_key.o                 156                 8        8
    main.o                   1 476                      8 210
    misc.o                      80               124
    motor.o                  1 088                         30
    servo.o                    288                 2       24
    startup_MK60DZ10.o           8
    system_MK60DZ10.o          304                         12
    vectors.o                                  1 040
    xunxian.o                                          22 560
    ---------------------------------------------------------
    Total:                  23 430      440    4 786   81 430

command line: [2]
    ---------------------------------------------------------
    Total:

dl7M_tlf.a: [3]
    abs.o                        8
    div.o                       14
    exit.o                       4
    localeconv.o               108               136      136
    low_level_init.o             4
    printf.o                    36
    putchar.o                   12
    xfiles.o                                      64      144
    xprintflarge_nomb.o      3 098
    xprout.o                    22
    xtls.o                       2
    ---------------------------------------------------------
    Total:                   3 308               200      280

m7M_tl.a: [4]
    DblAdd.o                   232
    DblCmpLe.o                  46
    DblDiv.o                   598
    DblMul.o                   418
    DblSub.o                   384
    DblToFlt.o                 144
    DblToI32.o                  88
    FltAdd.o                   132
    FltCmpEq.o                  28
    FltCmpGe.o                  36
    FltCmpLe.o                  36
    FltDiv.o                   252
    FltMul.o                   216
    FltSub.o                   230
    FltToDbl.o                  78
    FltToS32.o                  68
    I32ToDbl.o                  48
    I32ToFlt.o                  46
    xdnorm.o                    68
    ---------------------------------------------------------
    Total:                   3 148

rt7M_tl.a: [5]
    ABImemclr4.o                 6
    ABImemcpy_unaligned.o      118
    ABImemset.o                102
    ABImemset48.o               50
    I64DivMod.o                238
    I64DivZer.o                  2
    XXexit.o                    12
    cexit.o                     10
    cmain.o                     26
    cstartup_M.o                12
    data_init.o                 40
    memchr.o                    88
    strchr.o                    22
    strlen.o                    54
    zero_init3.o                64
    ---------------------------------------------------------
    Total:                     844

    Gaps                        38
    Linker created              24       16       34
-------------------------------------------------------------
    Grand Total:            30 792      456    5 020   81 710


*******************************************************************************
*** ENTRY LIST
***

Entry                      Address    Size  Type      Object
-----                      -------    ----  ----      ------
.bss$$Base              0x1fff0de0           --   Gb  - Linker created -
.bss$$Limit             0x20004480           --   Gb  - Linker created -
.data$$Base             0x1fff0410           --   Gb  - Linker created -
.data$$Limit            0x1fff0c18           --   Gb  - Linker created -
.data_init$$Base        0x000049e8           --   Gb  - Linker created -
.data_init$$Limit       0x000051f0           --   Gb  - Linker created -
.iar.init_table$$Base   0x00008a9c           --   Gb  - Linker created -
.iar.init_table$$Limit  0x00008aac           --   Gb  - Linker created -
?main                   0x00008acd          Code  Gb  cmain.o [5]
ASSERT_FAILED_STR       0x00008a78    0x24  Data  Gb  MK60_conf.o [1]
B_TO_W1                 0x2000446a     0x2  Data  Gb  NeverMore_Image.o [1]
B_TO_W2                 0x2000446e     0x2  Data  Gb  NeverMore_Image.o [1]
Calculate_Midline       0x00002351   0x300  Code  Gb  NeverMore_Image.o [1]
CodeRelocate$$Base      0x0000821c           --   Gb  - Linker created -
CodeRelocate$$Limit     0x000083e4           --   Gb  - Linker created -
CodeRelocateRam$$Base   0x1fff0c18           --   Gb  - Linker created -
CodeRelocateRam$$Limit  0x1fff0de0           --   Gb  - Linker created -
Correct_Width           0x0000203d   0x306  Code  Gb  NeverMore_Image.o [1]
DMA0_IRQHandler         0x00005659    0x14  Code  Gb  main.o [1]
Deal_BlockOrStart1      0x00002aa5   0x272  Code  Gb  NeverMore_Image.o [1]
Deal_Cirque             0x00001909   0x264  Code  Gb  NeverMore_Image.o [1]
Deal_Cross              0x00000f15   0x9ec  Code  Gb  NeverMore_Image.o [1]
Deal_Image              0x000005f5    0xb6  Code  Gb  NeverMore_Image.o [1]
FTMN                    0x1fff0b18     0xc  Data  Gb  MK60_ftm.o [1]
FTM_port_mux            0x00006211   0x118  Code  Lc  MK60_ftm.o [1]
GPIOX                   0x1fff0b24    0x14  Data  Gb  MK60_gpio.o [1]
Get_Dir                 0x00002655   0x1c4  Code  Gb  NeverMore_Image.o [1]
Get_Edge_Line           0x000006ab   0x19c  Code  Gb  NeverMore_Image.o [1]
Get_Inflection          0x00000bc5   0x1e8  Code  Gb  NeverMore_Image.o [1]
Get_Up_Inflection       0x00000dad   0x11c  Code  Gb  NeverMore_Image.o [1]
Is_LeftBlock            0x000028e5    0xaa  Code  Gb  NeverMore_Image.o [1]
Is_RightBlock           0x00002849    0x98  Code  Gb  NeverMore_Image.o [1]
KEY_PTxn                0x1fff0bb8     0x8  Data  Gb  VCAN_key.o [1]
LCD_DLY_ms              0x00006077    0x18  Code  Gb  LQ12864.o [1]
LCD_Fill                0x00006037    0x40  Code  Gb  LQ12864.o [1]
LCD_Init                0x0000608f   0x100  Code  Gb  LQ12864.o [1]
LCD_Set_Pos             0x00006007    0x30  Code  Gb  LQ12864.o [1]
LCD_WrCmd               0x00005fbd    0x4a  Code  Gb  LQ12864.o [1]
LCD_WrDat               0x00005f71    0x4a  Code  Gb  LQ12864.o [1]
LED_PTxn                0x1fff0bc0     0x4  Data  Gb  VCAN_LED.o [1]
Least_Squares           0x00001b99   0x16a  Code  Gb  NeverMore_Image.o [1]
LoadInt                 0x00004063    0x6e  Code  Lc  xprintflarge_nomb.o [3]
NRF_ISR_RX_FIFO         0x1fffe1a4   0xa00  Data  Gb  VCAN_NRF24L0.o [1]
NVIC_DisableIRQ         0x000057c9    0x14  Code  Lc  MT9V032.o [1]
NVIC_EnableIRQ          0x000051f1    0x16  Code  Lc  main.o [1]
NVIC_EnableIRQ          0x000057b5    0x14  Code  Lc  MT9V032.o [1]
NVIC_SetPriority        0x00005207    0x2a  Code  Lc  main.o [1]
NVIC_SetPriority        0x000057dd    0x26  Code  Lc  MT9V032.o [1]
NVIC_SystemReset        0x000078a1    0x1a  Code  Lc  MK60_conf.o [1]
OLED_DLY_ms             0x00005add    0x1c  Code  Gb  OLED.o [1]
OLED_Fill               0x00005b29    0x40  Code  Gb  OLED.o [1]
OLED_Init               0x00005b69   0x120  Code  Gb  OLED.o [1]
OLED_Set_Pos            0x00005af9    0x30  Code  Gb  OLED.o [1]
OLED_WrCmd              0x00005a91    0x4c  Code  Gb  OLED.o [1]
OLED_WrDat              0x00005a45    0x4c  Code  Gb  OLED.o [1]
Otsu                    0x00000419   0x1dc  Code  Gb  NeverMore_Image.o [1]
PIT0_IRQHandler         0x0000566d    0x92  Code  Gb  main.o [1]
PORTD_IRQHandler        0x00005639    0x1e  Code  Gb  main.o [1]
PORTE_IRQHandler        0x00005701    0x22  Code  Gb  main.o [1]
PORTX                   0x1fff0b80    0x14  Data  Gb  MK60_port.o [1]
RX_ADDRESS              0x1fff0bcc     0x8  Data  Gb  VCAN_NRF24L0.o [1]
Region$$Table$$Base     0x00008a9c           --   Gb  - Linker created -
Region$$Table$$Limit    0x00008aac           --   Gb  - Linker created -
Reset_Handler           0x00000411          Code  Gb  startup_MK60DZ10.o [1]
SPIN                    0x1fff0b94     0xc  Data  Gb  MK60_spi.o [1]
Search_Line             0x00000847   0x37e  Code  Gb  NeverMore_Image.o [1]
TX_ADDRESS              0x1fff0bc4     0x8  Data  Gb  VCAN_NRF24L0.o [1]
UARTN                   0x1fff0ba0    0x18  Data  Gb  MK60_uart.o [1]
Updata_Line_Inf         0x00001d03   0x31c  Code  Gb  NeverMore_Image.o [1]
VSYNC                   0x00005965    0x16  Code  Gb  MT9V032.o [1]
W_TO_B1                 0x2000446c     0x2  Data  Gb  NeverMore_Image.o [1]
W_TO_B2                 0x20004470     0x2  Data  Gb  NeverMore_Image.o [1]
_GenldLargeNoMb         0x0000445b   0x23e  Code  Lc  xprintflarge_nomb.o [3]
_LdtobLargeNoMb         0x000041dd   0x278  Code  Lc  xprintflarge_nomb.o [3]
_LitobLargeNoMb         0x000040d1   0x10a  Code  Lc  xprintflarge_nomb.o [3]
_Locale_aeabi_lconv     0x200044d0    0x38  Data  Gb  localeconv.o [3]
_Locale_lconv           0x20004480    0x50  Data  Gb  localeconv.o [3]
_PrintfLargeNoMb        0x00003ac9   0x594  Code  Gb  xprintflarge_nomb.o [3]
_Prout                  0x00008b09    0x16  Code  Gb  xprout.o [3]
_PutcharsLargeNoMb      0x00004699    0x2e  Code  Lc  xprintflarge_nomb.o [3]
__BOOT_STACK_ADDRESS {Abs}
                        0x2000fff8          Data  Gb  command line/config [2]
__VECTOR_RAM {Abs}      0x1fff0000          Data  Gb  command line/config [2]
__VECTOR_TABLE {Abs}    0x00000000          Data  Gb  command line/config [2]
__aeabi_cdcmple         0x00004939          Code  Gb  DblCmpLe.o [4]
__aeabi_cfcmpeq         0x000079e5          Code  Gb  FltCmpEq.o [4]
__aeabi_cfcmple         0x0000327d          Code  Gb  FltCmpLe.o [4]
__aeabi_cfrcmple        0x000038e9          Code  Gb  FltCmpGe.o [4]
__aeabi_d2f             0x00003851          Code  Gb  DblToFlt.o [4]
__aeabi_d2iz            0x000037f9          Code  Gb  DblToI32.o [4]
__aeabi_d2uiz           0x00003825          Code  Gb  DblToI32.o [4]
__aeabi_dadd            0x00003711          Code  Gb  DblAdd.o [4]
__aeabi_ddiv            0x000034b9          Code  Gb  DblDiv.o [4]
__aeabi_dmul            0x00003315          Code  Gb  DblMul.o [4]
__aeabi_dsub            0x00003915          Code  Gb  DblSub.o [4]
__aeabi_f2d             0x00006ce5          Code  Gb  FltToDbl.o [4]
__aeabi_f2iz            0x000032a1          Code  Gb  FltToS32.o [4]
__aeabi_fadd            0x00002f3d          Code  Gb  FltAdd.o [4]
__aeabi_fdiv            0x00003099          Code  Gb  FltDiv.o [4]
__aeabi_fmul            0x00002fc1          Code  Gb  FltMul.o [4]
__aeabi_fsub            0x00003195          Code  Gb  FltSub.o [4]
__aeabi_i2d             0x000032e5          Code  Gb  I32ToDbl.o [4]
__aeabi_i2f             0x00002f0d          Code  Gb  I32ToFlt.o [4]
__aeabi_ldiv0           0x000049e5          Code  Gb  I64DivZer.o [5]
__aeabi_memclr4         0x0000390d          Code  Gb  ABImemclr4.o [5]
__aeabi_memset          0x00002ea5          Code  Gb  ABImemset.o [5]
__aeabi_ui2d            0x000032f9          Code  Gb  I32ToDbl.o [4]
__aeabi_uldivmod        0x0000478d          Code  Gb  I64DivMod.o [5]
__cmain                 0x00008acd          Code  Gb  cmain.o [5]
__code_start__ {Abs}    0x00000410          Data  Gb  command line/config [2]
__exit                  0x00008afd          Code  Gb  XXexit.o [5]
__iar_Dnorm             0x000048f3    0x44  Code  Gb  xdnorm.o [4]
__iar_Locale_lconv_init
                        0x00004969    0x3a  Code  Gb  localeconv.o [3]
__iar_Memchr            0x00004735          Code  Gb  memchr.o [5]
__iar_Memset            0x00002ea5          Code  Gb  ABImemset.o [5]
__iar_Memset4_word      0x00003a95          Code  Gb  ABImemset48.o [5]
__iar_Memset8_word      0x00003a95          Code  Gb  ABImemset48.o [5]
__iar_Memset_word       0x00002ead          Code  Gb  ABImemset.o [5]
__iar_Stdout            0x1fff0bd4    0x40  Data  Gb  xfiles.o [3]
__iar_Strchr            0x000046e5          Code  Gb  strchr.o [5]
__iar_d2uiz             0x00003831          Code  Gb  DblToI32.o [4]
__iar_dadd              0x00003725          Code  Gb  DblAdd.o [4]
__iar_data_init3        0x00008a51    0x28  Code  Gb  data_init.o [5]
__iar_dlib_perthread_access
                        0x000049e7     0x2  Code  Gb  xtls.o [3]
__iar_dsub              0x00003929          Code  Gb  DblSub.o [4]
__iar_dsubStart         0x0000393b          Code  Gb  DblSub.o [4]
__iar_fadd              0x00002f4d          Code  Gb  FltAdd.o [4]
__iar_fsub              0x000031a5          Code  Gb  FltSub.o [4]
__iar_fsubStart         0x000031b5          Code  Gb  FltSub.o [4]
__iar_program_start     0x00008b51          Code  Gb  cstartup_M.o [5]
__iar_ui2d              0x000032fd          Code  Gb  I32ToDbl.o [4]
__iar_ui2f              0x00002f21          Code  Gb  I32ToFlt.o [4]
__iar_unaligned___aeabi_memcpy
                        0x0000487d          Code  Gb  ABImemcpy_unaligned.o [5]
__iar_unaligned___aeabi_memcpy4
                        0x0000489d          Code  Gb  ABImemcpy_unaligned.o [5]
__iar_unaligned___aeabi_memcpy8
                        0x0000489d          Code  Gb  ABImemcpy_unaligned.o [5]
__iar_zero_init3        0x000089d5    0x40  Code  Gb  zero_init3.o [5]
__low_level_init        0x00008ae7     0x4  Code  Gb  low_level_init.o [3]
__vector_table          0x00000000   0x410  Data  Gb  vectors.o [1]
_call_main              0x00008ad9          Code  Gb  cmain.o [5]
_exit                   0x00008af1          Code  Gb  cexit.o [5]
_main                   0x00008ae3          Code  Gb  cmain.o [5]
abs                     0x000038e1     0x8  Code  Gb  abs.o [3]
angle                   0x1fff0c14     0x2  Data  Gb  servo.o [1]
angle1                  0x20004474     0x2  Data  Gb  servo.o [1]
assert_failed           0x000078bb    0x26  Code  Gb  MK60_conf.o [1]
bus_clk_khz             0x1fffe1a0     0x4  Data  Gb  system_MK60DZ10.o [1]
c_lost_l                0x2000445c     0x2  Data  Gb  NeverMore_Image.o [1]
c_lost_r                0x2000445e     0x2  Data  Gb  NeverMore_Image.o [1]
camera_init1            0x0000585f   0x106  Code  Gb  MT9V032.o [1]
cnt_all_white           0x2000444a     0x2  Data  Gb  NeverMore_Image.o [1]
cnt_lost_l              0x20004450     0x2  Data  Gb  NeverMore_Image.o [1]
cnt_lost_r              0x20004456     0x2  Data  Gb  NeverMore_Image.o [1]
cnt_lostarea_l          0x20004458     0x2  Data  Gb  NeverMore_Image.o [1]
cnt_lostarea_r          0x2000445a     0x2  Data  Gb  NeverMore_Image.o [1]
cnt_lostline_l          0x1fffdfe4    0x54  Data  Gb  NeverMore_Image.o [1]
cnt_lostline_r          0x1fffe08c    0x54  Data  Gb  NeverMore_Image.o [1]
cnt_narrow              0x1fffe0e0    0x54  Data  Gb  NeverMore_Image.o [1]
common_startup          0x00008443    0x98  Code  Gb  system_MK60DZ10.o [1]
core_clk_khz            0x1fffe198     0x4  Data  Gb  system_MK60DZ10.o [1]
core_clk_mhz            0x1fffe19c     0x4  Data  Gb  system_MK60DZ10.o [1]
default_isr             0x0000798f    0x34  Code  Gb  MK60_conf.o [1]
dis_bmp                 0x00005c89   0x2e6  Code  Gb  OLED.o [1]
dis_image               0x1fff0de0  0x2000  Data  Gb  main.o [1]
div                     0x000049d5     0xe  Code  Gb  div.o [3]
dma_gpio_input_init     0x0000764d    0x60  Code  Lc  MK60_dma.o [1]
dma_portx2buff_init     0x000076ad   0x1b0  Code  Gb  MK60_dma.o [1]
dma_repeat              0x00005803    0x52  Code  Lc  MT9V032.o [1]
err                     0x1fffe184     0x4  Data  Gb  servo.o [1]
errDot                  0x1fffe188     0x4  Data  Gb  servo.o [1]
errLast                 0x1fffe18c     0x4  Data  Gb  servo.o [1]
exit                    0x00008aeb     0x4  Code  Gb  exit.o [3]
flag_circle             0x20004464     0x2  Data  Gb  NeverMore_Image.o [1]
flag_circle_start       0x20004466     0x2  Data  Gb  NeverMore_Image.o [1]
flag_cross              0x20004460     0x2  Data  Gb  NeverMore_Image.o [1]
flag_first_lost_l       0x20004452     0x2  Data  Gb  NeverMore_Image.o [1]
flag_first_lost_r       0x20004454     0x2  Data  Gb  NeverMore_Image.o [1]
flag_line               0x20004468     0x2  Data  Gb  NeverMore_Image.o [1]
flag_stop               0x20004462     0x2  Data  Gb  NeverMore_Image.o [1]
flash_cmd               0x1fff0c29    0x20  Code  Gb  MK60_flash.o [1]
flash_erase_sector      0x1fff0c79    0x58  Code  Gb  MK60_flash.o [1]
flash_init              0x1fff0c49    0x30  Code  Gb  MK60_flash.o [1]
flash_write             0x1fff0cd1    0x8e  Code  Gb  MK60_flash.o [1]
fputc                   0x000078e1    0x14  Code  Gb  MK60_conf.o [1]
ftm_mod                 0x1fff2de4     0xc  Data  Lc  MK60_ftm.o [1]
ftm_pwm_duty            0x000064b9    0xee  Code  Gb  MK60_ftm.o [1]
ftm_pwm_init            0x00006329   0x190  Code  Gb  MK60_ftm.o [1]
ftm_quad_clean          0x000066d9    0x28  Code  Gb  MK60_ftm.o [1]
ftm_quad_get            0x000066ad    0x2c  Code  Gb  MK60_ftm.o [1]
ftm_quad_init           0x000065a7   0x106  Code  Gb  MK60_ftm.o [1]
gpio_get                0x000069f9    0x3a  Code  Gb  MK60_gpio.o [1]
gpio_init               0x000068a1    0xae  Code  Gb  MK60_gpio.o [1]
gpio_set                0x0000694f    0x72  Code  Gb  MK60_gpio.o [1]
gpio_turn               0x000069c1    0x38  Code  Gb  MK60_gpio.o [1]
image                   0x1fff2e00  0x5820  Data  Gb  MT9V032.o [1]
img                     0x1fff8620  0x5820  Data  Gb  MT9V032.o [1]
inflection_l            0x2000444c     0x2  Data  Gb  NeverMore_Image.o [1]
inflection_r            0x2000444e     0x2  Data  Gb  NeverMore_Image.o [1]
k                       0x20004476     0x1  Data  Gb  main.o [1]
kd                      0x1fffe190     0x4  Data  Gb  servo.o [1]
key_check               0x00007e1d    0x2a  Code  Gb  VCAN_key.o [1]
key_get                 0x00007e03    0x1a  Code  Gb  VCAN_key.o [1]
key_init                0x00007db1    0x52  Code  Gb  VCAN_key.o [1]
kp                      0x1fffe194     0x4  Data  Gb  servo.o [1]
l                       0x2000442e     0x2  Data  Gb  main.o [1]
l_motor                 0x2000443e     0x2  Data  Gb  motor.o [1]
l_old                   0x20004434     0x2  Data  Gb  main.o [1]
l_old_1                 0x20004436     0x2  Data  Gb  main.o [1]
led_init                0x000061a1    0x3a  Code  Gb  VCAN_LED.o [1]
led_turn                0x000061db    0x32  Code  Gb  VCAN_LED.o [1]
left                    0x1fffde40    0x54  Data  Gb  NeverMore_Image.o [1]
localeconv              0x000049a3    0x16  Code  Gb  localeconv.o [3]
lost_end_l              0x1fffe148    0x14  Data  Gb  NeverMore_Image.o [1]
lost_end_r              0x1fffe170    0x14  Data  Gb  NeverMore_Image.o [1]
lost_l                  0x1fffdf90    0x54  Data  Gb  NeverMore_Image.o [1]
lost_r                  0x1fffe038    0x54  Data  Gb  NeverMore_Image.o [1]
lost_start_l            0x1fffe134    0x14  Data  Gb  NeverMore_Image.o [1]
lost_start_r            0x1fffe15c    0x14  Data  Gb  NeverMore_Image.o [1]
lptmr_pulse_clean       0x000067b5    0x1a  Code  Gb  MK60_lptmr.o [1]
lptmr_pulse_get         0x0000679b    0x1a  Code  Gb  MK60_lptmr.o [1]
lptmr_pulse_init        0x0000671d    0x7e  Code  Gb  MK60_lptmr.o [1]
main                    0x00005231   0x3c4  Code  Gb  main.o [1]
mcg_cfg                 0x1fff0b38    0x44  Data  Gb  MK60_mcg.o [1]
mcg_div                 0x1fff0b7c     0x4  Data  Gb  MK60_mcg.o [1]
mcg_div_count           0x00007e55   0x2fa  Code  Gb  MK60_mcg.o [1]
memchr                  0x00004735          Code  Gb  memchr.o [5]
mid                     0x1fffdf3c    0x54  Data  Gb  NeverMore_Image.o [1]
motor_control           0x00006d35   0x440  Code  Gb  motor.o [1]
motor_control::error0_m
                        0x20004440     0x2  Data  Lc  motor.o [1]
motor_control::error1_m
                        0x20004442     0x2  Data  Lc  motor.o [1]
motor_control::error2_m
                        0x20004444     0x2  Data  Lc  motor.o [1]
mt9v032_finish_flag     0x20004478     0x1  Data  Gb  MT9V032.o [1]
my_delay                0x00005855     0xa  Code  Gb  MT9V032.o [1]
now_row                 0x20004446     0x2  Data  Gb  MT9V032.o [1]
nrf_com_size            0x00008b40    0x10  Data  Gb  VCAN_NRF24L0_MSG.o [1]
nrf_com_totalsize       0x1fffebac    0x10  Data  Gb  VCAN_NRF24L0_MSG.o [1]
nrf_handler             0x000072ab   0x10a  Code  Gb  VCAN_NRF24L0.o [1]
nrf_irq_tx_addr         0x1fffeba4     0x4  Data  Gb  VCAN_NRF24L0.o [1]
nrf_irq_tx_flag         0x2000447f     0x1  Data  Gb  VCAN_NRF24L0.o [1]
nrf_irq_tx_pnum         0x1fffeba8     0x4  Data  Gb  VCAN_NRF24L0.o [1]
nrf_mode                0x2000447b     0x1  Data  Gb  VCAN_NRF24L0.o [1]
nrf_msg_init            0x00006b9d    0x20  Code  Gb  VCAN_NRF24L0_MSG.o [1]
nrf_readbuf             0x000071eb    0x28  Code  Lc  VCAN_NRF24L0.o [1]
nrf_readreg             0x0000719b    0x28  Code  Lc  VCAN_NRF24L0.o [1]
nrf_rx_flag             0x2000447e     0x1  Data  Gb  VCAN_NRF24L0.o [1]
nrf_rx_front            0x2000447c     0x1  Data  Gb  VCAN_NRF24L0.o [1]
nrf_rx_mode             0x00007213    0x50  Code  Lc  VCAN_NRF24L0.o [1]
nrf_rx_rear             0x2000447d     0x1  Data  Gb  VCAN_NRF24L0.o [1]
nrf_tx_mode             0x00007263    0x48  Code  Lc  VCAN_NRF24L0.o [1]
nrf_writebuf            0x000071c3    0x28  Code  Lc  VCAN_NRF24L0.o [1]
nrf_writereg            0x00007175    0x26  Code  Lc  VCAN_NRF24L0.o [1]
num                     0x20004477     0x1  Data  Gb  main.o [1]
obuf                    0x200043dc    0x50  Data  Lc  xfiles.o [3]
pit_init                0x00006a3d    0x6c  Code  Gb  MK60_PIT.o [1]
pit_time_get            0x00006b23    0x68  Code  Gb  MK60_PIT.o [1]
pit_time_start          0x00006aa9    0x7a  Code  Gb  MK60_PIT.o [1]
pixel                   0x1fffebbc  0x5820  Data  Gb  xunxian.o [1]
pll_init                0x0000814f    0xb2  Code  Gb  MK60_mcg.o [1]
port_init               0x000067e9    0x48  Code  Gb  MK60_port.o [1]
port_init_NoALT         0x00006831    0x66  Code  Gb  MK60_port.o [1]
printf                  0x00007d29    0x24  Code  Gb  printf.o [3]
putchar                 0x00008b21     0xc  Code  Gb  putchar.o [3]
pwm_l_last              0x1fff2dfc     0x4  Data  Gb  motor.o [1]
pwm_l_z                 0x1fff2df0     0x4  Data  Gb  motor.o [1]
pwm_r_last              0x1fff2df8     0x4  Data  Gb  motor.o [1]
pwm_r_z                 0x1fff2df4     0x4  Data  Gb  motor.o [1]
r                       0x2000442c     0x2  Data  Gb  main.o [1]
r_old                   0x20004430     0x2  Data  Gb  main.o [1]
r_old_1                 0x20004432     0x2  Data  Gb  main.o [1]
real_speed              0x2000443a     0x2  Data  Gb  motor.o [1]
right                   0x1fffde94    0x54  Data  Gb  NeverMore_Image.o [1]
row_finished            0x0000597b    0x3c  Code  Gb  MT9V032.o [1]
servo_control           0x00006bc5   0x120  Code  Gb  servo.o [1]
set_sys_dividers        0x1fff0d91    0x50  Code  Gb  MK60_mcg.o [1]
set_vector_handler      0x00005a17    0x22  Code  Gb  misc.o [1]
speed                   0x20004438     0x2  Data  Gb  motor.o [1]
speed_ave               0x2000443c     0x2  Data  Gb  motor.o [1]
spi_mosi                0x00007a01   0x110  Code  Gb  MK60_spi.o [1]
spi_mosi_cmd            0x00007b11   0x20c  Code  Gb  MK60_spi.o [1]
start                   0x000083e5    0x22  Code  Gb  system_MK60DZ10.o [1]
start_check             0x000078f5    0x9a  Code  Gb  MK60_conf.o [1]
start_flag              0x20004472     0x2  Data  Gb  NeverMore_Image.o [1]
start_line              0x00002d31   0x110  Code  Gb  NeverMore_Image.o [1]
straight_flag           0x2000447a     0x1  Data  Gb  NeverMore_Image.o [1]
straight_flag_s         0x20004479     0x1  Data  Gb  NeverMore_Image.o [1]
strchr                  0x000046e5          Code  Gb  strchr.o [5]
strlen                  0x000046fd          Code  Gb  strlen.o [5]
sysinit                 0x00008407    0x3c  Code  Gb  system_MK60DZ10.o [1]
systick_delay           0x00007d4d    0x36  Code  Gb  MK60_SysTick.o [1]
systick_delay_ms        0x00007d83    0x18  Code  Gb  MK60_SysTick.o [1]
time_stop               0x1fff2de0     0x4  Data  Gb  main.o [1]
uart_init               0x000073e1   0x214  Code  Gb  MK60_uart.o [1]
uart_putbuff            0x0000760f    0x26  Code  Gb  MK60_uart.o [1]
uart_putchar            0x000075f5    0x1a  Code  Gb  MK60_uart.o [1]
valid_line              0x20004448     0x2  Data  Gb  NeverMore_Image.o [1]
vector_str              0x1fff0410   0x708  Data  Gb  MK60_conf.o [1]
wdog_disable            0x00008515    0x16  Code  Gb  MK60_wdog.o [1]
wdog_unlock             0x0000852b    0x20  Code  Lc  MK60_wdog.o [1]
width                   0x1fffdee8    0x54  Data  Gb  NeverMore_Image.o [1]
write_vtor              0x000059f5    0x22  Code  Gb  misc.o [1]
zx_filter               0x000055f5    0x42  Code  Gb  main.o [1]
zx_type                 0x0000299d    0xfa  Code  Gb  NeverMore_Image.o [1]


[1] = C:\Users\Administrator\Desktop\5.23zx\LCD_摄像头 - 四代目-新十字 -2.0 - 副本\Prj\IAR\DZ10_Debug\Obj
[2] = command line
[3] = dl7M_tlf.a
[4] = m7M_tl.a
[5] = rt7M_tl.a

  30 792 bytes of readonly  code memory
     456 bytes of readwrite code memory
   5 020 bytes of readonly  data memory
  81 710 bytes of readwrite data memory

Errors: none
Warnings: none
