###############################################################################
#
# IAR ELF Linker V7.80.2.11947/W32 for ARM                24/May/2017  23:26:30
# Copyright 2007-2016 IAR Systems AB.
#
#    Output file  =  
#        C:\Users\Administrator\Desktop\5.23zx\LCD_摄像头 - 四代目-新十字 -2.0
#        - 副本\Prj\IAR\DZ10_Release\Exe\vcan_Kinetis.out
#    Map file     =  
#        C:\Users\Administrator\Desktop\5.23zx\LCD_摄像头 - 四代目-新十字 -2.0
#        - 副本\Prj\IAR\DZ10_Release\List\vcan_Kinetis.map
#    Command line =  
#        "C:\Users\Administrator\Desktop\5.23zx\LCD_摄像头 - 四代目-新十字 -2.0
#        - 副本\Prj\IAR\DZ10_Release\Obj\diskio.o"
#        "C:\Users\Administrator\Desktop\5.23zx\LCD_摄像头 - 四代目-新十字 -2.0
#        - 副本\Prj\IAR\DZ10_Release\Obj\ff.o"
#        "C:\Users\Administrator\Desktop\5.23zx\LCD_摄像头 - 四代目-新十字 -2.0
#        - 副本\Prj\IAR\DZ10_Release\Obj\LQ12864.o"
#        "C:\Users\Administrator\Desktop\5.23zx\LCD_摄像头 - 四代目-新十字 -2.0
#        - 副本\Prj\IAR\DZ10_Release\Obj\main.o"
#        "C:\Users\Administrator\Desktop\5.23zx\LCD_摄像头 - 四代目-新十字 -2.0
#        - 副本\Prj\IAR\DZ10_Release\Obj\misc.o"
#        "C:\Users\Administrator\Desktop\5.23zx\LCD_摄像头 - 四代目-新十字 -2.0
#        - 副本\Prj\IAR\DZ10_Release\Obj\MK60_adc.o"
#        "C:\Users\Administrator\Desktop\5.23zx\LCD_摄像头 - 四代目-新十字 -2.0
#        - 副本\Prj\IAR\DZ10_Release\Obj\MK60_can.o"
#        "C:\Users\Administrator\Desktop\5.23zx\LCD_摄像头 - 四代目-新十字 -2.0
#        - 副本\Prj\IAR\DZ10_Release\Obj\MK60_conf.o"
#        "C:\Users\Administrator\Desktop\5.23zx\LCD_摄像头 - 四代目-新十字 -2.0
#        - 副本\Prj\IAR\DZ10_Release\Obj\MK60_dac.o"
#        "C:\Users\Administrator\Desktop\5.23zx\LCD_摄像头 - 四代目-新十字 -2.0
#        - 副本\Prj\IAR\DZ10_Release\Obj\MK60_dma.o"
#        "C:\Users\Administrator\Desktop\5.23zx\LCD_摄像头 - 四代目-新十字 -2.0
#        - 副本\Prj\IAR\DZ10_Release\Obj\MK60_DWT.o"
#        "C:\Users\Administrator\Desktop\5.23zx\LCD_摄像头 - 四代目-新十字 -2.0
#        - 副本\Prj\IAR\DZ10_Release\Obj\MK60_flash.o"
#        "C:\Users\Administrator\Desktop\5.23zx\LCD_摄像头 - 四代目-新十字 -2.0
#        - 副本\Prj\IAR\DZ10_Release\Obj\MK60_flexbus.o"
#        "C:\Users\Administrator\Desktop\5.23zx\LCD_摄像头 - 四代目-新十字 -2.0
#        - 副本\Prj\IAR\DZ10_Release\Obj\MK60_ftm.o"
#        "C:\Users\Administrator\Desktop\5.23zx\LCD_摄像头 - 四代目-新十字 -2.0
#        - 副本\Prj\IAR\DZ10_Release\Obj\MK60_gpio.o"
#        "C:\Users\Administrator\Desktop\5.23zx\LCD_摄像头 - 四代目-新十字 -2.0
#        - 副本\Prj\IAR\DZ10_Release\Obj\MK60_i2c.o"
#        "C:\Users\Administrator\Desktop\5.23zx\LCD_摄像头 - 四代目-新十字 -2.0
#        - 副本\Prj\IAR\DZ10_Release\Obj\MK60_it.o"
#        "C:\Users\Administrator\Desktop\5.23zx\LCD_摄像头 - 四代目-新十字 -2.0
#        - 副本\Prj\IAR\DZ10_Release\Obj\MK60_lptmr.o"
#        "C:\Users\Administrator\Desktop\5.23zx\LCD_摄像头 - 四代目-新十字 -2.0
#        - 副本\Prj\IAR\DZ10_Release\Obj\MK60_mcg.o"
#        "C:\Users\Administrator\Desktop\5.23zx\LCD_摄像头 - 四代目-新十字 -2.0
#        - 副本\Prj\IAR\DZ10_Release\Obj\MK60_PIT.o"
#        "C:\Users\Administrator\Desktop\5.23zx\LCD_摄像头 - 四代目-新十字 -2.0
#        - 副本\Prj\IAR\DZ10_Release\Obj\MK60_port.o"
#        "C:\Users\Administrator\Desktop\5.23zx\LCD_摄像头 - 四代目-新十字 -2.0
#        - 副本\Prj\IAR\DZ10_Release\Obj\MK60_rtc.o"
#        "C:\Users\Administrator\Desktop\5.23zx\LCD_摄像头 - 四代目-新十字 -2.0
#        - 副本\Prj\IAR\DZ10_Release\Obj\MK60_sdhc.o"
#        "C:\Users\Administrator\Desktop\5.23zx\LCD_摄像头 - 四代目-新十字 -2.0
#        - 副本\Prj\IAR\DZ10_Release\Obj\MK60_spi.o"
#        "C:\Users\Administrator\Desktop\5.23zx\LCD_摄像头 - 四代目-新十字 -2.0
#        - 副本\Prj\IAR\DZ10_Release\Obj\MK60_SysTick.o"
#        "C:\Users\Administrator\Desktop\5.23zx\LCD_摄像头 - 四代目-新十字 -2.0
#        - 副本\Prj\IAR\DZ10_Release\Obj\MK60_uart.o"
#        "C:\Users\Administrator\Desktop\5.23zx\LCD_摄像头 - 四代目-新十字 -2.0
#        - 副本\Prj\IAR\DZ10_Release\Obj\MK60_usb.o"
#        "C:\Users\Administrator\Desktop\5.23zx\LCD_摄像头 - 四代目-新十字 -2.0
#        - 副本\Prj\IAR\DZ10_Release\Obj\MK60_wdog.o"
#        "C:\Users\Administrator\Desktop\5.23zx\LCD_摄像头 - 四代目-新十字 -2.0
#        - 副本\Prj\IAR\DZ10_Release\Obj\motor.o"
#        "C:\Users\Administrator\Desktop\5.23zx\LCD_摄像头 - 四代目-新十字 -2.0
#        - 副本\Prj\IAR\DZ10_Release\Obj\MT9V032.o"
#        "C:\Users\Administrator\Desktop\5.23zx\LCD_摄像头 - 四代目-新十字 -2.0
#        - 副本\Prj\IAR\DZ10_Release\Obj\NeverMore_Image.o"
#        "C:\Users\Administrator\Desktop\5.23zx\LCD_摄像头 - 四代目-新十字 -2.0
#        - 副本\Prj\IAR\DZ10_Release\Obj\OLED.o"
#        "C:\Users\Administrator\Desktop\5.23zx\LCD_摄像头 - 四代目-新十字 -2.0
#        - 副本\Prj\IAR\DZ10_Release\Obj\servo.o"
#        "C:\Users\Administrator\Desktop\5.23zx\LCD_摄像头 - 四代目-新十字 -2.0
#        - 副本\Prj\IAR\DZ10_Release\Obj\startup_MK60DZ10.o"
#        "C:\Users\Administrator\Desktop\5.23zx\LCD_摄像头 - 四代目-新十字 -2.0
#        - 副本\Prj\IAR\DZ10_Release\Obj\system_MK60DZ10.o"
#        "C:\Users\Administrator\Desktop\5.23zx\LCD_摄像头 - 四代目-新十字 -2.0
#        - 副本\Prj\IAR\DZ10_Release\Obj\USB.o"
#        "C:\Users\Administrator\Desktop\5.23zx\LCD_摄像头 - 四代目-新十字 -2.0
#        - 副本\Prj\IAR\DZ10_Release\Obj\USB_CDC.o"
#        "C:\Users\Administrator\Desktop\5.23zx\LCD_摄像头 - 四代目-新十字 -2.0
#        - 副本\Prj\IAR\DZ10_Release\Obj\VCAN_ASCII.o"
#        "C:\Users\Administrator\Desktop\5.23zx\LCD_摄像头 - 四代目-新十字 -2.0
#        - 副本\Prj\IAR\DZ10_Release\Obj\VCAN_BMP.o"
#        "C:\Users\Administrator\Desktop\5.23zx\LCD_摄像头 - 四代目-新十字 -2.0
#        - 副本\Prj\IAR\DZ10_Release\Obj\VCAN_camera.o"
#        "C:\Users\Administrator\Desktop\5.23zx\LCD_摄像头 - 四代目-新十字 -2.0
#        - 副本\Prj\IAR\DZ10_Release\Obj\VCAN_computer.o"
#        "C:\Users\Administrator\Desktop\5.23zx\LCD_摄像头 - 四代目-新十字 -2.0
#        - 副本\Prj\IAR\DZ10_Release\Obj\vcan_img2sd.o"
#        "C:\Users\Administrator\Desktop\5.23zx\LCD_摄像头 - 四代目-新十字 -2.0
#        - 副本\Prj\IAR\DZ10_Release\Obj\VCAN_key.o"
#        "C:\Users\Administrator\Desktop\5.23zx\LCD_摄像头 - 四代目-新十字 -2.0
#        - 副本\Prj\IAR\DZ10_Release\Obj\VCAN_key_event.o"
#        "C:\Users\Administrator\Desktop\5.23zx\LCD_摄像头 - 四代目-新十字 -2.0
#        - 副本\Prj\IAR\DZ10_Release\Obj\VCAN_LCD.o"
#        "C:\Users\Administrator\Desktop\5.23zx\LCD_摄像头 - 四代目-新十字 -2.0
#        - 副本\Prj\IAR\DZ10_Release\Obj\VCAN_LCD_CH.o"
#        "C:\Users\Administrator\Desktop\5.23zx\LCD_摄像头 - 四代目-新十字 -2.0
#        - 副本\Prj\IAR\DZ10_Release\Obj\VCAN_LCD_ILI9325.o"
#        "C:\Users\Administrator\Desktop\5.23zx\LCD_摄像头 - 四代目-新十字 -2.0
#        - 副本\Prj\IAR\DZ10_Release\Obj\VCAN_LCD_ILI9341.o"
#        "C:\Users\Administrator\Desktop\5.23zx\LCD_摄像头 - 四代目-新十字 -2.0
#        - 副本\Prj\IAR\DZ10_Release\Obj\VCAN_LCD_ST7735R.o"
#        "C:\Users\Administrator\Desktop\5.23zx\LCD_摄像头 - 四代目-新十字 -2.0
#        - 副本\Prj\IAR\DZ10_Release\Obj\VCAN_LCD_ST7735S.o"
#        "C:\Users\Administrator\Desktop\5.23zx\LCD_摄像头 - 四代目-新十字 -2.0
#        - 副本\Prj\IAR\DZ10_Release\Obj\VCAN_LED.o"
#        "C:\Users\Administrator\Desktop\5.23zx\LCD_摄像头 - 四代目-新十字 -2.0
#        - 副本\Prj\IAR\DZ10_Release\Obj\VCAN_MMA7455.o"
#        "C:\Users\Administrator\Desktop\5.23zx\LCD_摄像头 - 四代目-新十字 -2.0
#        - 副本\Prj\IAR\DZ10_Release\Obj\VCAN_NRF24L0.o"
#        "C:\Users\Administrator\Desktop\5.23zx\LCD_摄像头 - 四代目-新十字 -2.0
#        - 副本\Prj\IAR\DZ10_Release\Obj\VCAN_NRF24L0_MSG.o"
#        "C:\Users\Administrator\Desktop\5.23zx\LCD_摄像头 - 四代目-新十字 -2.0
#        - 副本\Prj\IAR\DZ10_Release\Obj\VCAN_OV7725_Eagle.o"
#        "C:\Users\Administrator\Desktop\5.23zx\LCD_摄像头 - 四代目-新十字 -2.0
#        - 副本\Prj\IAR\DZ10_Release\Obj\VCAN_OV7725_Wolf.o"
#        "C:\Users\Administrator\Desktop\5.23zx\LCD_摄像头 - 四代目-新十字 -2.0
#        - 副本\Prj\IAR\DZ10_Release\Obj\VCAN_RTC_count.o"
#        "C:\Users\Administrator\Desktop\5.23zx\LCD_摄像头 - 四代目-新十字 -2.0
#        - 副本\Prj\IAR\DZ10_Release\Obj\VCAN_SCCB.o"
#        "C:\Users\Administrator\Desktop\5.23zx\LCD_摄像头 - 四代目-新十字 -2.0
#        - 副本\Prj\IAR\DZ10_Release\Obj\vcan_sd_app.o"
#        "C:\Users\Administrator\Desktop\5.23zx\LCD_摄像头 - 四代目-新十字 -2.0
#        - 副本\Prj\IAR\DZ10_Release\Obj\Vcan_touch.o"
#        "C:\Users\Administrator\Desktop\5.23zx\LCD_摄像头 - 四代目-新十字 -2.0
#        - 副本\Prj\IAR\DZ10_Release\Obj\VCAN_TSL1401.o"
#        "C:\Users\Administrator\Desktop\5.23zx\LCD_摄像头 - 四代目-新十字 -2.0
#        - 副本\Prj\IAR\DZ10_Release\Obj\VCAN_UI_VAR.o"
#        "C:\Users\Administrator\Desktop\5.23zx\LCD_摄像头 - 四代目-新十字 -2.0
#        - 副本\Prj\IAR\DZ10_Release\Obj\vectors.o"
#        "C:\Users\Administrator\Desktop\5.23zx\LCD_摄像头 - 四代目-新十字 -2.0
#        - 副本\Prj\IAR\DZ10_Release\Obj\xunxian.o" --redirect
#        _Printf=_PrintfLargeNoMb --redirect _Scanf=_ScanfLargeNoMb -o
#        "C:\Users\Administrator\Desktop\5.23zx\LCD_摄像头 - 四代目-新十字 -2.0
#        - 副本\Prj\IAR\DZ10_Release\Exe\vcan_Kinetis.out" --map
#        "C:\Users\Administrator\Desktop\5.23zx\LCD_摄像头 - 四代目-新十字 -2.0
#        - 副本\Prj\IAR\DZ10_Release\List\vcan_Kinetis.map" --config
#        "C:\Users\Administrator\Desktop\5.23zx\LCD_摄像头 - 四代目-新十字 -2.0
#        - 副本\Prj\IAR\config files\vcan_ROM_K60N512.icf"
#        "C:\Users\Administrator\Desktop\5.23zx\LCD_摄像头 - 四代目-新十字 -2.0
#        - 副本\Prj\IAR\..\..\Lib\CMSIS\iar_cortexM4l_math.a" --entry
#        __iar_program_start --redirect __write=__write_buffered --inline --vfe
#
###############################################################################

*******************************************************************************
*** RUNTIME MODEL ATTRIBUTES
***

CppFlavor       = *
__SystemLibrary = DLib


*******************************************************************************
*** PLACEMENT SUMMARY
***

"A0":  place at 0x00000000 { ro section .intvec };
"A1":  place at 0x00000410 { ro section .noinit };
"P1":  place in [from 0x00000000 to 0x00080000] { ro, block CodeRelocate };
"P2":  place in [from 0x1fff0410 to 0x20010000] {
          rw, block CodeRelocateRam, block CSTACK, block HEAP };
initialize manually with packing = copy, complex ranges { section .data };
initialize manually with packing = copy, complex ranges { section .textrw };

  Section              Kind        Address     Size  Object
  -------              ----        -------     ----  ------
"A0":                                         0x410
  .intvec              const    0x00000000    0x410  vectors.o [1]
                              - 0x00000410    0x410

"A1":                                           0x8
  .noinit              ro code  0x00000410      0x8  startup_MK60DZ10.o [1]
                              - 0x00000418      0x8

"P1":                                        0x6dcc
  .data_init                    0x00000418   0x2124  <Block>
    Initializer bytes  const    0x00000418   0x2124  <for .data-1>
  .text                ro code  0x0000253c   0x1984  NeverMore_Image.o [1]
  .text                ro code  0x00003ec0      0x6  ABImemclr4.o [5]
  .text                ro code  0x00003ec8     0x32  I32ToFlt.o [4]
  .text                ro code  0x00003efc     0x84  FltAdd.o [4]
  .text                ro code  0x00003f80     0xfc  FltDiv.o [4]
  .text                ro code  0x0000407c     0xe6  FltSub.o [4]
  .text                ro code  0x00004164     0xd8  FltMul.o [4]
  .text                ro code  0x0000423c     0x24  FltCmpLe.o [4]
  .text                ro code  0x00004260     0x44  FltToS32.o [4]
  .text                ro code  0x000042a4     0x2c  I32ToDbl.o [4]
  .text                ro code  0x000042d0    0x256  DblDiv.o [4]
  .text                ro code  0x00004528     0xe8  DblAdd.o [4]
  .text                ro code  0x00004610     0x4c  DblToI32.o [4]
  .text                ro code  0x0000465c     0x90  DblToFlt.o [4]
  .text                ro code  0x000046ec     0x24  FltCmpGe.o [4]
  .text                ro code  0x00004710     0x98  MK60_gpio.o [1]
  .text                ro code  0x000047a8    0x704  OLED.o [1]
  .text                ro code  0x00004eac    0x518  LQ12864.o [1]
  .text                ro code  0x000053c4     0x32  ABImemset48.o [5]
  .text                ro code  0x000053f8    0x180  DblSub.o [4]
  .text                ro code  0x00005578     0x78  MK60_port.o [1]
  .text                ro code  0x000055f0    0x468  VCAN_NRF24L0.o [1]
  .text                ro code  0x00005a58    0x43c  MK60_spi.o [1]
  .text                ro code  0x00005e94     0x76  ABImemcpy_unaligned.o [5]
  .text                ro code  0x00005f0c    0x390  main.o [1]
  .text                ro code  0x0000629c     0x18  misc.o [1]
  .text                ro code  0x000062b4    0x158  MT9V032.o [1]
  .text                ro code  0x0000640c     0x6c  VCAN_LED.o [1]
  .text                ro code  0x00006478    0x204  MK60_ftm.o [1]
  .text                ro code  0x0000667c     0x80  MK60_lptmr.o [1]
  .text                ro code  0x000066fc     0xb0  MK60_PIT.o [1]
  .text                ro code  0x000067ac     0x1c  VCAN_NRF24L0_MSG.o [1]
  .text                ro code  0x000067c8    0x18c  motor.o [1]
  .text                ro code  0x00006954    0x17c  MK60_uart.o [1]
  .text                ro code  0x00006ad0     0xf4  MK60_dma.o [1]
  .text                ro code  0x00006bc4    0x1a2  DblMul.o [4]
  .text                ro code  0x00006d68     0x4e  FltToDbl.o [4]
  Veneer               ro code  0x00006db8      0x8  - Linker created -
  .text                ro code  0x00006dc0    0x1c0  MK60_mcg.o [1]
  .text                ro code  0x00006f80     0xc8  system_MK60DZ10.o [1]
  .text                ro code  0x00007048     0x2c  MK60_wdog.o [1]
  .text                ro code  0x00007074      0x6  ABImemclr.o [5]
  .text                ro code  0x0000707c     0x5e  ABImemset.o [5]
  CodeRelocate                  0x000070dc     0x48  <Block>
    Initializer bytes  const    0x000070dc     0x48  <for CodeRelocateRam-1>
  .text                ro code  0x00007124     0x40  zero_init3.o [5]
  .text                ro code  0x00007164     0x28  data_init.o [5]
  .iar.init_table      const    0x0000718c     0x10  - Linker created -
  .text                ro code  0x0000719c     0x1a  cmain.o [5]
  .text                ro code  0x000071b6      0x4  exit.o [3]
  .text                ro code  0x000071bc      0xa  cexit.o [5]
  .text                ro code  0x000071c8      0xc  XXexit.o [5]
  .text                ro code  0x000071d4      0xc  cstartup_M.o [5]
  .text                ro code  0x000071e0      0x4  MK60_conf.o [1]
  .rodata              const    0x000071e4      0x0  zero_init3.o [5]
                              - 0x000071e4   0x6dcc

"P2", part 1 of 2:                           0x216c
  .data                         0x1fff0410   0x2124  <Block>
    .data-1                     0x1fff0410   0x2124  <Init block>
      .data            inited   0x1fff0410   0x2038  main.o [1]
      .data            inited   0x1fff2448     0x18  MK60_ftm.o [1]
      .data            inited   0x1fff2460     0x14  MK60_gpio.o [1]
      .data            inited   0x1fff2474     0x44  MK60_mcg.o [1]
      .data            inited   0x1fff24b8      0x4  MK60_mcg.o [1]
      .data            inited   0x1fff24bc     0x14  MK60_port.o [1]
      .data            inited   0x1fff24d0      0xc  MK60_spi.o [1]
      .data            inited   0x1fff24dc     0x18  MK60_uart.o [1]
      .data            inited   0x1fff24f4     0x1c  servo.o [1]
      .data            inited   0x1fff2510      0x4  VCAN_LED.o [1]
      .data            inited   0x1fff2514     0x20  VCAN_NRF24L0.o [1]
  CodeRelocateRam               0x1fff2534     0x48  <Block>
    CodeRelocateRam-1           0x1fff2534     0x48  <Init block>
      .textrw          inited   0x1fff2534     0x48  MK60_mcg.o [1]
                              - 0x1fff257c   0x216c

"P2", part 2 of 2:                          0x1176c
  .bss                          0x1fff257c  0x1176c  <Block>
    .bss               zero     0x1fff257c     0x10  motor.o [1]
    .bss               zero     0x1fff258c   0x5820  MT9V032.o [1]
    .bss               zero     0x1fff7dac   0x5820  MT9V032.o [1]
    .bss               zero     0x1fffd5cc     0x54  NeverMore_Image.o [1]
    .bss               zero     0x1fffd620     0x54  NeverMore_Image.o [1]
    .bss               zero     0x1fffd674     0x54  NeverMore_Image.o [1]
    .bss               zero     0x1fffd6c8     0x54  NeverMore_Image.o [1]
    .bss               zero     0x1fffd71c     0x38  NeverMore_Image.o [1]
    .bss               zero     0x1fffd754     0x54  NeverMore_Image.o [1]
    .bss               zero     0x1fffd7a8     0x54  NeverMore_Image.o [1]
    .bss               zero     0x1fffd7fc     0x54  NeverMore_Image.o [1]
    .bss               zero     0x1fffd850     0x54  NeverMore_Image.o [1]
    .bss               zero     0x1fffd8a4     0x54  NeverMore_Image.o [1]
    .bss               zero     0x1fffd8f8     0x3c  NeverMore_Image.o [1]
    .bss               zero     0x1fffd934      0xc  system_MK60DZ10.o [1]
    .bss               zero     0x1fffd940    0xa00  VCAN_NRF24L0.o [1]
    .bss               zero     0x1fffe340     0x10  VCAN_NRF24L0_MSG.o [1]
    .bss               zero     0x1fffe350   0x5994  xunxian.o [1]
    .bss               zero     0x20003ce4      0x4  MT9V032.o [1]
                              - 0x20003ce8  0x1176c


*******************************************************************************
*** INIT TABLE
***

          Address     Size
          -------     ----
Zero (__iar_zero_init3)
    1 destination range, total size 0x1176c:
          0x1fff257c  0x1176c



*******************************************************************************
*** MODULE SUMMARY
***

    Module                 ro code  rw code  ro data  rw data
    ------                 -------  -------  -------  -------
C:\Users\Administrator\Desktop\5.23zx\LCD_摄像头 - 四代目-新十字 -2.0 - 副本\Prj\IAR\DZ10_Release\Obj: [1]
    LQ12864.o                1 304
    MK60_PIT.o                 176
    MK60_conf.o                  4
    MK60_dma.o                 244
    MK60_ftm.o                 516                24       24
    MK60_gpio.o                152                20       20
    MK60_lptmr.o               128
    MK60_mcg.o                 448       72      144       72
    MK60_port.o                120                20       20
    MK60_spi.o               1 084                12       12
    MK60_uart.o                380                24       24
    MK60_wdog.o                 44
    MT9V032.o                  344                     45 124
    NeverMore_Image.o        6 532                        872
    OLED.o                   1 796
    VCAN_LED.o                 108                 4        4
    VCAN_NRF24L0.o           1 128                32    2 592
    VCAN_NRF24L0_MSG.o          28                         16
    main.o                     912             8 248    8 248
    misc.o                      24
    motor.o                    396                         16
    servo.o                                       28       28
    startup_MK60DZ10.o           8
    system_MK60DZ10.o          200                         12
    vectors.o                                  1 040
    xunxian.o                                          22 932
    ---------------------------------------------------------
    Total:                  16 076       72    9 596   80 016

command line: [2]
    ---------------------------------------------------------
    Total:

dl7M_tlf.a: [3]
    exit.o                       4
    ---------------------------------------------------------
    Total:                       4

m7M_tl.a: [4]
    DblAdd.o                   232
    DblDiv.o                   598
    DblMul.o                   418
    DblSub.o                   384
    DblToFlt.o                 144
    DblToI32.o                  76
    FltAdd.o                   132
    FltCmpGe.o                  36
    FltCmpLe.o                  36
    FltDiv.o                   252
    FltMul.o                   216
    FltSub.o                   230
    FltToDbl.o                  78
    FltToS32.o                  68
    I32ToDbl.o                  44
    I32ToFlt.o                  50
    ---------------------------------------------------------
    Total:                   2 994

rt7M_tl.a: [5]
    ABImemclr.o                  6
    ABImemclr4.o                 6
    ABImemcpy_unaligned.o      118
    ABImemset.o                 94
    ABImemset48.o               50
    XXexit.o                    12
    cexit.o                     10
    cmain.o                     26
    cstartup_M.o                12
    data_init.o                 40
    zero_init3.o                64
    ---------------------------------------------------------
    Total:                     438

    Gaps                        22
    Linker created               8                16
-------------------------------------------------------------
    Grand Total:            19 542       72    9 612   80 016


*******************************************************************************
*** ENTRY LIST
***

Entry                      Address    Size  Type      Object
-----                      -------    ----  ----      ------
.bss$$Base              0x1fff257c           --   Gb  - Linker created -
.bss$$Limit             0x20003ce8           --   Gb  - Linker created -
.data$$Base             0x1fff0410           --   Gb  - Linker created -
.data$$Limit            0x1fff2534           --   Gb  - Linker created -
.data_init$$Base        0x00000418           --   Gb  - Linker created -
.data_init$$Limit       0x0000253c           --   Gb  - Linker created -
.iar.init_table$$Base   0x0000718c           --   Gb  - Linker created -
.iar.init_table$$Limit  0x0000719c           --   Gb  - Linker created -
?main                   0x0000719d          Code  Gb  cmain.o [5]
Calculate_Midline       0x00003813   0x198  Code  Gb  NeverMore_Image.o [1]
CodeRelocate$$Base      0x000070dc           --   Gb  - Linker created -
CodeRelocate$$Limit     0x00007124           --   Gb  - Linker created -
CodeRelocateRam$$Base   0x1fff2534           --   Gb  - Linker created -
CodeRelocateRam$$Limit  0x1fff257c           --   Gb  - Linker created -
Correct_Width           0x000035f1   0x222  Code  Gb  NeverMore_Image.o [1]
DMA0_IRQHandler         0x00006195     0xe  Code  Gb  main.o [1]
Deal_BlockOrStart       0x00003ac5   0x200  Code  Gb  NeverMore_Image.o [1]
Deal_Cirque             0x0000320d   0x178  Code  Gb  NeverMore_Image.o [1]
Deal_Cross              0x00002bdf   0x628  Code  Gb  NeverMore_Image.o [1]
Deal_Image              0x000026e7    0x70  Code  Gb  NeverMore_Image.o [1]
F6x8                    0x00004c84   0x228  Data  Gb  OLED.o [1]
F6x81                   0x0000519c   0x228  Data  Gb  LQ12864.o [1]
FTMN                    0x1fff2448     0xc  Data  Gb  MK60_ftm.o [1]
FTM_port_mux            0x00006479    0xac  Code  Lc  MK60_ftm.o [1]
GPIOX                   0x1fff2460    0x14  Data  Gb  MK60_gpio.o [1]
Get_Dir                 0x000039b1   0x110  Code  Gb  NeverMore_Image.o [1]
Get_Edge_Line           0x00002757    0xe4  Code  Gb  NeverMore_Image.o [1]
Get_Inflection          0x00002a37   0x112  Code  Gb  NeverMore_Image.o [1]
Get_Up_Inflection       0x00002b49    0x96  Code  Gb  NeverMore_Image.o [1]
Is_LeftBlock            0x00003d25    0x6c  Code  Gb  NeverMore_Image.o [1]
Is_RightBlock           0x00003ccb    0x5a  Code  Gb  NeverMore_Image.o [1]
LCD_Fill                0x00004f13    0x30  Code  Gb  LQ12864.o [1]
LCD_Init                0x00004f43    0xfc  Code  Gb  LQ12864.o [1]
LCD_P6x8Str             0x0000503f    0x80  Code  Gb  LQ12864.o [1]
LCD_PrintU16            0x000050bf    0xc4  Code  Gb  LQ12864.o [1]
LCD_WrCmd               0x00004ee1    0x32  Code  Gb  LQ12864.o [1]
LCD_WrDat               0x00004ead    0x34  Code  Gb  LQ12864.o [1]
LED_PTxn                0x1fff2510     0x4  Data  Gb  VCAN_LED.o [1]
Least_Squares           0x000033a9    0xd4  Code  Gb  NeverMore_Image.o [1]
NRF_ISR_RX_FIFO         0x1fffd940   0xa00  Data  Gb  VCAN_NRF24L0.o [1]
OLED_Fill               0x0000480d    0x68  Code  Gb  OLED.o [1]
OLED_HEXACSII           0x00004a33    0x32  Code  Gb  OLED.o [1]
OLED_Init               0x00004875   0x12a  Code  Gb  OLED.o [1]
OLED_P6x8Str            0x0000499f    0x94  Code  Gb  OLED.o [1]
OLED_Print_Num1         0x00004a65    0x3a  Code  Gb  OLED.o [1]
OLED_Set_Pos            0x000047e7    0x26  Code  Gb  OLED.o [1]
OLED_WrCmd              0x000047a9    0x3e  Code  Gb  OLED.o [1]
Otsu                    0x0000253d   0x1aa  Code  Gb  NeverMore_Image.o [1]
PIT0_IRQHandler         0x000061a5    0xa4  Code  Gb  main.o [1]
PORTD_IRQHandler        0x00006181    0x12  Code  Gb  main.o [1]
PORTE_IRQHandler        0x00006249    0x14  Code  Gb  main.o [1]
PORTX                   0x1fff24bc    0x14  Data  Gb  MK60_port.o [1]
RX_ADDRESS              0x1fff252c     0x8  Data  Gb  VCAN_NRF24L0.o [1]
Region$$Table$$Base     0x0000718c           --   Gb  - Linker created -
Region$$Table$$Limit    0x0000719c           --   Gb  - Linker created -
Reset_Handler           0x00000411          Code  Gb  startup_MK60DZ10.o [1]
SPIN                    0x1fff24d0     0xc  Data  Gb  MK60_spi.o [1]
Search_Line             0x0000283b   0x1fc  Code  Gb  NeverMore_Image.o [1]
TX_ADDRESS              0x1fff2524     0x8  Data  Gb  VCAN_NRF24L0.o [1]
UARTN                   0x1fff24dc    0x18  Data  Gb  MK60_uart.o [1]
Updata_Line_Inf         0x0000347d   0x16a  Code  Gb  NeverMore_Image.o [1]
VSYNC                   0x00006373    0x2a  Code  Gb  MT9V032.o [1]
__BOOT_STACK_ADDRESS {Abs}
                        0x2000fff8          Data  Gb  command line/config [2]
__VECTOR_RAM {Abs}      0x1fff0000          Data  Gb  command line/config [2]
__VECTOR_TABLE {Abs}    0x00000000          Data  Gb  command line/config [2]
__aeabi_cfcmple         0x0000423d          Code  Gb  FltCmpLe.o [4]
__aeabi_cfrcmple        0x000046ed          Code  Gb  FltCmpGe.o [4]
__aeabi_d2f             0x0000465d          Code  Gb  DblToFlt.o [4]
__aeabi_d2iz            0x00004611          Code  Gb  DblToI32.o [4]
__aeabi_dadd            0x00004529          Code  Gb  DblAdd.o [4]
__aeabi_ddiv            0x000042d1          Code  Gb  DblDiv.o [4]
__aeabi_dmul            0x00006bc5          Code  Gb  DblMul.o [4]
__aeabi_dsub            0x000053f9          Code  Gb  DblSub.o [4]
__aeabi_f2d             0x00006d69          Code  Gb  FltToDbl.o [4]
__aeabi_f2iz            0x00004261          Code  Gb  FltToS32.o [4]
__aeabi_fadd            0x00003efd          Code  Gb  FltAdd.o [4]
__aeabi_fdiv            0x00003f81          Code  Gb  FltDiv.o [4]
__aeabi_fmul            0x00004165          Code  Gb  FltMul.o [4]
__aeabi_fsub            0x0000407d          Code  Gb  FltSub.o [4]
__aeabi_i2d             0x000042a5          Code  Gb  I32ToDbl.o [4]
__aeabi_i2f             0x00003ec9          Code  Gb  I32ToFlt.o [4]
__aeabi_memclr          0x00007075          Code  Gb  ABImemclr.o [5]
__aeabi_memclr4         0x00003ec1          Code  Gb  ABImemclr4.o [5]
__aeabi_ui2f            0x00003edd          Code  Gb  I32ToFlt.o [4]
__cmain                 0x0000719d          Code  Gb  cmain.o [5]
__code_start__ {Abs}    0x00000410          Data  Gb  command line/config [2]
__exit                  0x000071c9          Code  Gb  XXexit.o [5]
__iar_Memset4_word      0x000053c5          Code  Gb  ABImemset48.o [5]
__iar_Memset8_word      0x000053c5          Code  Gb  ABImemset48.o [5]
__iar_Memset_word       0x0000707d          Code  Gb  ABImemset.o [5]
__iar_d2uiz             0x0000463d          Code  Gb  DblToI32.o [4]
__iar_dadd              0x0000453d          Code  Gb  DblAdd.o [4]
__iar_data_init3        0x00007165    0x28  Code  Gb  data_init.o [5]
__iar_dsub              0x0000540d          Code  Gb  DblSub.o [4]
__iar_dsubStart         0x0000541f          Code  Gb  DblSub.o [4]
__iar_fadd              0x00003f0d          Code  Gb  FltAdd.o [4]
__iar_fsub              0x0000408d          Code  Gb  FltSub.o [4]
__iar_fsubStart         0x0000409d          Code  Gb  FltSub.o [4]
__iar_program_start     0x000071d5          Code  Gb  cstartup_M.o [5]
__iar_ui2d              0x000042b9          Code  Gb  I32ToDbl.o [4]
__iar_ui2f              0x00003ee1          Code  Gb  I32ToFlt.o [4]
__iar_unaligned___aeabi_memcpy
                        0x00005e95          Code  Gb  ABImemcpy_unaligned.o [5]
__iar_unaligned___aeabi_memcpy4
                        0x00005eb5          Code  Gb  ABImemcpy_unaligned.o [5]
__iar_unaligned___aeabi_memcpy8
                        0x00005eb5          Code  Gb  ABImemcpy_unaligned.o [5]
__iar_zero_init3        0x00007125    0x40  Code  Gb  zero_init3.o [5]
__vector_table          0x00000000   0x410  Data  Gb  vectors.o [1]
_call_main              0x000071a9          Code  Gb  cmain.o [5]
_exit                   0x000071bd          Code  Gb  cexit.o [5]
_main                   0x000071b3          Code  Gb  cmain.o [5]
angle                   0x1fff24f4     0x2  Data  Gb  servo.o [1]
angle1                  0x1fff24f6     0x2  Data  Gb  servo.o [1]
buff                    0x1fff2428    0x20  Data  Gb  main.o [1]
bus_clk_khz             0x1fffd93c     0x4  Data  Gb  system_MK60DZ10.o [1]
c_lost_l                0x1fffd732     0x2  Data  Gb  NeverMore_Image.o [1]
c_lost_r                0x1fffd734     0x2  Data  Gb  NeverMore_Image.o [1]
camera_init1            0x000062b5    0xbe  Code  Gb  MT9V032.o [1]
cnt_all_white           0x1fffd720     0x2  Data  Gb  NeverMore_Image.o [1]
cnt_lost_l              0x1fffd726     0x2  Data  Gb  NeverMore_Image.o [1]
cnt_lost_r              0x1fffd72c     0x2  Data  Gb  NeverMore_Image.o [1]
cnt_lostarea_l          0x1fffd72e     0x2  Data  Gb  NeverMore_Image.o [1]
cnt_lostarea_r          0x1fffd730     0x2  Data  Gb  NeverMore_Image.o [1]
cnt_lostline_l          0x1fffd7a8    0x54  Data  Gb  NeverMore_Image.o [1]
cnt_lostline_r          0x1fffd850    0x54  Data  Gb  NeverMore_Image.o [1]
cnt_narrow              0x1fffd8a4    0x54  Data  Gb  NeverMore_Image.o [1]
common_startup          0x00006fd3    0x44  Code  Gb  system_MK60DZ10.o [1]
core_clk_khz            0x1fffd934     0x4  Data  Gb  system_MK60DZ10.o [1]
core_clk_mhz            0x1fffd938     0x4  Data  Gb  system_MK60DZ10.o [1]
data                    0x1fff0424     0x4  Data  Gb  main.o [1]
default_isr             0x000071e1     0x2  Code  Gb  MK60_conf.o [1]
dis_bmp                 0x00004aa9   0x1dc  Code  Gb  OLED.o [1]
dis_image               0x1fff0428  0x2000  Data  Gb  main.o [1]
dma_portx2buff_init     0x00006ad1    0xf4  Code  Gb  MK60_dma.o [1]
err                     0x1fff24f8     0x4  Data  Gb  servo.o [1]
errDot                  0x1fff24fc     0x4  Data  Gb  servo.o [1]
errLast                 0x1fff2500     0x4  Data  Gb  servo.o [1]
exit                    0x000071b7     0x4  Code  Gb  exit.o [3]
flag_circle             0x1fffd73a     0x2  Data  Gb  NeverMore_Image.o [1]
flag_circle_start       0x1fffd73c     0x2  Data  Gb  NeverMore_Image.o [1]
flag_cross              0x1fffd736     0x2  Data  Gb  NeverMore_Image.o [1]
flag_first_lost_l       0x1fffd728     0x2  Data  Gb  NeverMore_Image.o [1]
flag_first_lost_r       0x1fffd72a     0x2  Data  Gb  NeverMore_Image.o [1]
flag_line               0x1fffd73e     0x2  Data  Gb  NeverMore_Image.o [1]
flag_stop               0x1fffd738     0x2  Data  Gb  NeverMore_Image.o [1]
ftm_mod                 0x1fff2454     0xc  Data  Lc  MK60_ftm.o [1]
ftm_pwm_duty            0x000065a3    0x2a  Code  Gb  MK60_ftm.o [1]
ftm_pwm_init            0x00006525    0x7e  Code  Gb  MK60_ftm.o [1]
ftm_quad_clean          0x0000665f     0x2  Code  Gb  MK60_ftm.o [1]
ftm_quad_get            0x00006653     0xc  Code  Gb  MK60_ftm.o [1]
ftm_quad_init           0x000065cd    0x86  Code  Gb  MK60_ftm.o [1]
gpio_get                0x0000478b    0x16  Code  Gb  MK60_gpio.o [1]
gpio_init               0x00004711    0x42  Code  Gb  MK60_gpio.o [1]
gpio_set                0x00004753    0x22  Code  Gb  MK60_gpio.o [1]
gpio_turn               0x00004775    0x16  Code  Gb  MK60_gpio.o [1]
image                   0x1fff258c  0x5820  Data  Gb  MT9V032.o [1]
img                     0x1fff7dac  0x5820  Data  Gb  MT9V032.o [1]
inflection_l            0x1fffd722     0x2  Data  Gb  NeverMore_Image.o [1]
inflection_r            0x1fffd724     0x2  Data  Gb  NeverMore_Image.o [1]
k                       0x1fff0410     0x1  Data  Gb  main.o [1]
kd                      0x1fff2504     0x4  Data  Gb  servo.o [1]
kp                      0x1fff2508     0x4  Data  Gb  servo.o [1]
kp1                     0x1fff250c     0x4  Data  Gb  servo.o [1]
l                       0x1fff0414     0x2  Data  Gb  main.o [1]
l_old                   0x1fff041a     0x2  Data  Gb  main.o [1]
l_old_1                 0x1fff041c     0x2  Data  Gb  main.o [1]
led_init                0x0000640d    0x3c  Code  Gb  VCAN_LED.o [1]
led_turn                0x00006449    0x28  Code  Gb  VCAN_LED.o [1]
left                    0x1fffd5cc    0x54  Data  Gb  NeverMore_Image.o [1]
leftmissing_flag        0x20003bec    0x78  Data  Gb  xunxian.o [1]
lost_end_l              0x1fffd8f8    0x14  Data  Gb  NeverMore_Image.o [1]
lost_end_r              0x1fffd920    0x14  Data  Gb  NeverMore_Image.o [1]
lost_l                  0x1fffd754    0x54  Data  Gb  NeverMore_Image.o [1]
lost_r                  0x1fffd7fc    0x54  Data  Gb  NeverMore_Image.o [1]
lost_start_l            0x1fffd740    0x14  Data  Gb  NeverMore_Image.o [1]
lost_start_r            0x1fffd90c    0x14  Data  Gb  NeverMore_Image.o [1]
lptmr_pulse_clean       0x000066df    0x14  Code  Gb  MK60_lptmr.o [1]
lptmr_pulse_get         0x000066cd    0x12  Code  Gb  MK60_lptmr.o [1]
lptmr_pulse_init        0x0000667d    0x50  Code  Gb  MK60_lptmr.o [1]
main                    0x00005f0d   0x272  Code  Gb  main.o [1]
mcg_cfg                 0x1fff2474    0x44  Data  Gb  MK60_mcg.o [1]
mcg_div                 0x1fff24b8     0x4  Data  Gb  MK60_mcg.o [1]
mcg_div_count           0x00006dc1   0x13a  Code  Gb  MK60_mcg.o [1]
mid                     0x1fffd6c8    0x54  Data  Gb  NeverMore_Image.o [1]
misline                 0x20003cdc     0x8  Data  Gb  xunxian.o [1]
motor_control           0x000067c9   0x18c  Code  Gb  motor.o [1]
motor_control::error1_m
                        0x1fff2582     0x2  Data  Lc  motor.o [1]
mt9v032_finish_flag     0x20003ce4     0x1  Data  Gb  MT9V032.o [1]
now_row                 0x20003ce6     0x2  Data  Gb  MT9V032.o [1]
nrf_com_totalsize       0x1fffe340    0x10  Data  Gb  VCAN_NRF24L0_MSG.o [1]
nrf_handler             0x00005919   0x122  Code  Gb  VCAN_NRF24L0.o [1]
nrf_init                0x000055f1    0xa8  Code  Gb  VCAN_NRF24L0.o [1]
nrf_irq_tx_addr         0x1fff251c     0x4  Data  Gb  VCAN_NRF24L0.o [1]
nrf_irq_tx_flag         0x1fff2518     0x1  Data  Gb  VCAN_NRF24L0.o [1]
nrf_irq_tx_pnum         0x1fff2520     0x4  Data  Gb  VCAN_NRF24L0.o [1]
nrf_link_check          0x000056df    0x88  Code  Gb  VCAN_NRF24L0.o [1]
nrf_mode                0x1fff2514     0x1  Data  Gb  VCAN_NRF24L0.o [1]
nrf_msg_init            0x000067ad    0x16  Code  Gb  VCAN_NRF24L0_MSG.o [1]
nrf_rx_flag             0x1fff2517     0x1  Data  Gb  VCAN_NRF24L0.o [1]
nrf_rx_front            0x1fff2515     0x1  Data  Gb  VCAN_NRF24L0.o [1]
nrf_rx_mode             0x00005767    0xc8  Code  Lc  VCAN_NRF24L0.o [1]
nrf_rx_rear             0x1fff2516     0x1  Data  Gb  VCAN_NRF24L0.o [1]
nrf_tx                  0x000058b9    0x42  Code  Gb  VCAN_NRF24L0.o [1]
nrf_tx_mode             0x0000582f    0x8a  Code  Lc  VCAN_NRF24L0.o [1]
nrf_tx_state            0x000058fb    0x1e  Code  Gb  VCAN_NRF24L0.o [1]
nrf_writebuf            0x000056bd    0x22  Code  Lc  VCAN_NRF24L0.o [1]
nrf_writereg            0x00005699    0x24  Code  Lc  VCAN_NRF24L0.o [1]
num                     0x1fff0411     0x1  Data  Gb  main.o [1]
pit_init                0x000066fd    0x30  Code  Gb  MK60_PIT.o [1]
pit_time_get            0x0000676b    0x36  Code  Gb  MK60_PIT.o [1]
pit_time_start          0x0000672d    0x3e  Code  Gb  MK60_PIT.o [1]
pixel                   0x1fffe350  0x5820  Data  Gb  xunxian.o [1]
pll_init                0x00006efb    0x7a  Code  Gb  MK60_mcg.o [1]
port_init               0x00005579    0x2e  Code  Gb  MK60_port.o [1]
port_init_NoALT         0x000055a7    0x3a  Code  Gb  MK60_port.o [1]
pwm_l_z                 0x1fff2584     0x4  Data  Gb  motor.o [1]
pwm_r_z                 0x1fff2588     0x4  Data  Gb  motor.o [1]
r                       0x1fff0412     0x2  Data  Gb  main.o [1]
r_old                   0x1fff0416     0x2  Data  Gb  main.o [1]
r_old_1                 0x1fff0418     0x2  Data  Gb  main.o [1]
real_speed              0x1fff257e     0x2  Data  Gb  motor.o [1]
right                   0x1fffd620    0x54  Data  Gb  NeverMore_Image.o [1]
rightmissing_flag       0x20003c64    0x78  Data  Gb  xunxian.o [1]
row_finished            0x0000639d    0x46  Code  Gb  MT9V032.o [1]
set_sys_dividers        0x1fff2535    0x48  Code  Gb  MK60_mcg.o [1]
set_vector_handler      0x000062a3     0x8  Code  Gb  misc.o [1]
shizi                   0x20003be8     0x1  Data  Gb  xunxian.o [1]
speed                   0x1fff257c     0x2  Data  Gb  motor.o [1]
speed_ave               0x1fff2580     0x2  Data  Gb  motor.o [1]
spi_init                0x00005a59   0x266  Code  Gb  MK60_spi.o [1]
spi_mosi                0x00005cbf    0x94  Code  Gb  MK60_spi.o [1]
spi_mosi_cmd            0x00005d69    0xd6  Code  Gb  MK60_spi.o [1]
start                   0x00006f81    0x1e  Code  Gb  system_MK60DZ10.o [1]
straight_flag           0x1fffd71d     0x1  Data  Gb  NeverMore_Image.o [1]
straight_flag_s         0x1fffd71c     0x1  Data  Gb  NeverMore_Image.o [1]
sysinit                 0x00006f9f    0x34  Code  Gb  system_MK60DZ10.o [1]
time_stop               0x1fff0420     0x4  Data  Gb  main.o [1]
track_width             0x20003b70    0x78  Data  Gb  xunxian.o [1]
uart_init               0x00006955   0x148  Code  Gb  MK60_uart.o [1]
uart_putbuff            0x00006a9d    0x24  Code  Gb  MK60_uart.o [1]
valid_line              0x1fffd71e     0x2  Data  Gb  NeverMore_Image.o [1]
wdog_disable            0x00007049    0x26  Code  Gb  MK60_wdog.o [1]
width                   0x1fffd674    0x54  Data  Gb  NeverMore_Image.o [1]
write_vtor              0x0000629d     0x6  Code  Gb  misc.o [1]
zx_type                 0x00003d95    0xd2  Code  Gb  NeverMore_Image.o [1]


[1] = C:\Users\Administrator\Desktop\5.23zx\LCD_摄像头 - 四代目-新十字 -2.0 - 副本\Prj\IAR\DZ10_Release\Obj
[2] = command line
[3] = dl7M_tlf.a
[4] = m7M_tl.a
[5] = rt7M_tl.a

  19 542 bytes of readonly  code memory
      72 bytes of readwrite code memory
   9 612 bytes of readonly  data memory
  80 016 bytes of readwrite data memory

Errors: none
Warnings: none
